Archive member included to satisfy reference by file (symbol)

c:/program files (x86)/gnu tools arm embedded/9 2019-q4-major/bin/../lib/gcc/arm-none-eabi/9.2.1/../../../../arm-none-eabi/lib/thumb/v7-m/nofp\libc_nano.a(lib_a-exit.o)
                              c:/program files (x86)/gnu tools arm embedded/9 2019-q4-major/bin/../lib/gcc/arm-none-eabi/9.2.1/../../../../arm-none-eabi/lib/thumb/v7-m/nofp/crt0.o (exit)
c:/program files (x86)/gnu tools arm embedded/9 2019-q4-major/bin/../lib/gcc/arm-none-eabi/9.2.1/../../../../arm-none-eabi/lib/thumb/v7-m/nofp\libc_nano.a(lib_a-impure.o)
                              c:/program files (x86)/gnu tools arm embedded/9 2019-q4-major/bin/../lib/gcc/arm-none-eabi/9.2.1/../../../../arm-none-eabi/lib/thumb/v7-m/nofp\libc_nano.a(lib_a-exit.o) (_global_impure_ptr)
c:/program files (x86)/gnu tools arm embedded/9 2019-q4-major/bin/../lib/gcc/arm-none-eabi/9.2.1/../../../../arm-none-eabi/lib/thumb/v7-m/nofp\libc_nano.a(lib_a-init.o)
                              c:/program files (x86)/gnu tools arm embedded/9 2019-q4-major/bin/../lib/gcc/arm-none-eabi/9.2.1/../../../../arm-none-eabi/lib/thumb/v7-m/nofp/crt0.o (__libc_init_array)
c:/program files (x86)/gnu tools arm embedded/9 2019-q4-major/bin/../lib/gcc/arm-none-eabi/9.2.1/../../../../arm-none-eabi/lib/thumb/v7-m/nofp\libc_nano.a(lib_a-memcpy-stub.o)
                              build/queue.o (memcpy)
c:/program files (x86)/gnu tools arm embedded/9 2019-q4-major/bin/../lib/gcc/arm-none-eabi/9.2.1/../../../../arm-none-eabi/lib/thumb/v7-m/nofp\libc_nano.a(lib_a-memset.o)
                              c:/program files (x86)/gnu tools arm embedded/9 2019-q4-major/bin/../lib/gcc/arm-none-eabi/9.2.1/../../../../arm-none-eabi/lib/thumb/v7-m/nofp/crt0.o (memset)
c:/program files (x86)/gnu tools arm embedded/9 2019-q4-major/bin/../lib/gcc/arm-none-eabi/9.2.1/../../../../arm-none-eabi/lib/thumb/v7-m/nofp\libc_nano.a(lib_a-printf.o)
                              build/main.o (printf)
c:/program files (x86)/gnu tools arm embedded/9 2019-q4-major/bin/../lib/gcc/arm-none-eabi/9.2.1/../../../../arm-none-eabi/lib/thumb/v7-m/nofp\libc_nano.a(lib_a-puts.o)
                              build/freertos.o (puts)
c:/program files (x86)/gnu tools arm embedded/9 2019-q4-major/bin/../lib/gcc/arm-none-eabi/9.2.1/../../../../arm-none-eabi/lib/thumb/v7-m/nofp\libc_nano.a(lib_a-wbuf.o)
                              c:/program files (x86)/gnu tools arm embedded/9 2019-q4-major/bin/../lib/gcc/arm-none-eabi/9.2.1/../../../../arm-none-eabi/lib/thumb/v7-m/nofp\libc_nano.a(lib_a-puts.o) (__swbuf_r)
c:/program files (x86)/gnu tools arm embedded/9 2019-q4-major/bin/../lib/gcc/arm-none-eabi/9.2.1/../../../../arm-none-eabi/lib/thumb/v7-m/nofp\libc_nano.a(lib_a-wsetup.o)
                              c:/program files (x86)/gnu tools arm embedded/9 2019-q4-major/bin/../lib/gcc/arm-none-eabi/9.2.1/../../../../arm-none-eabi/lib/thumb/v7-m/nofp\libc_nano.a(lib_a-puts.o) (__swsetup_r)
c:/program files (x86)/gnu tools arm embedded/9 2019-q4-major/bin/../lib/gcc/arm-none-eabi/9.2.1/../../../../arm-none-eabi/lib/thumb/v7-m/nofp\libc_nano.a(lib_a-fflush.o)
                              c:/program files (x86)/gnu tools arm embedded/9 2019-q4-major/bin/../lib/gcc/arm-none-eabi/9.2.1/../../../../arm-none-eabi/lib/thumb/v7-m/nofp\libc_nano.a(lib_a-wbuf.o) (_fflush_r)
c:/program files (x86)/gnu tools arm embedded/9 2019-q4-major/bin/../lib/gcc/arm-none-eabi/9.2.1/../../../../arm-none-eabi/lib/thumb/v7-m/nofp\libc_nano.a(lib_a-findfp.o)
                              c:/program files (x86)/gnu tools arm embedded/9 2019-q4-major/bin/../lib/gcc/arm-none-eabi/9.2.1/../../../../arm-none-eabi/lib/thumb/v7-m/nofp\libc_nano.a(lib_a-printf.o) (__sinit)
c:/program files (x86)/gnu tools arm embedded/9 2019-q4-major/bin/../lib/gcc/arm-none-eabi/9.2.1/../../../../arm-none-eabi/lib/thumb/v7-m/nofp\libc_nano.a(lib_a-fwalk.o)
                              c:/program files (x86)/gnu tools arm embedded/9 2019-q4-major/bin/../lib/gcc/arm-none-eabi/9.2.1/../../../../arm-none-eabi/lib/thumb/v7-m/nofp\libc_nano.a(lib_a-findfp.o) (_fwalk)
c:/program files (x86)/gnu tools arm embedded/9 2019-q4-major/bin/../lib/gcc/arm-none-eabi/9.2.1/../../../../arm-none-eabi/lib/thumb/v7-m/nofp\libc_nano.a(lib_a-lock.o)
                              c:/program files (x86)/gnu tools arm embedded/9 2019-q4-major/bin/../lib/gcc/arm-none-eabi/9.2.1/../../../../arm-none-eabi/lib/thumb/v7-m/nofp\libc_nano.a(lib_a-findfp.o) (__retarget_lock_init_recursive)
c:/program files (x86)/gnu tools arm embedded/9 2019-q4-major/bin/../lib/gcc/arm-none-eabi/9.2.1/../../../../arm-none-eabi/lib/thumb/v7-m/nofp\libc_nano.a(lib_a-makebuf.o)
                              c:/program files (x86)/gnu tools arm embedded/9 2019-q4-major/bin/../lib/gcc/arm-none-eabi/9.2.1/../../../../arm-none-eabi/lib/thumb/v7-m/nofp\libc_nano.a(lib_a-wsetup.o) (__smakebuf_r)
[...]
Memory Configuration

Name             Origin             Length             Attributes
RAM              0x20000000         0x00005000         xrw
FLASH            0x08000000         0x00010000         xr
*default*        0x00000000         0xffffffff

Linker script and memory map

LOAD c:/program files (x86)/gnu tools arm embedded/9 2019-q4-major/bin/../lib/gcc/arm-none-eabi/9.2.1/thumb/v7-m/nofp/crti.o
LOAD c:/program files (x86)/gnu tools arm embedded/9 2019-q4-major/bin/../lib/gcc/arm-none-eabi/9.2.1/thumb/v7-m/nofp/crtbegin.o
LOAD c:/program files (x86)/gnu tools arm embedded/9 2019-q4-major/bin/../lib/gcc/arm-none-eabi/9.2.1/../../../../arm-none-eabi/lib/thumb/v7-m/nofp/crt0.o
LOAD build/main.o
LOAD build/gpio.o
LOAD build/MultiButton.o
LOAD build/usart.o
LOAD build/stm32f1xx_it.o
LOAD build/stm32f1xx_hal_msp.o
LOAD build/stm32f1xx_hal_gpio_ex.o
LOAD build/stm32f1xx_hal_tim.o
LOAD build/stm32f1xx_hal_tim_ex.o
LOAD build/stm32f1xx_hal_uart.o
LOAD build/stm32f1xx_hal.o
LOAD build/stm32f1xx_hal_rcc.o
LOAD build/stm32f1xx_hal_rcc_ex.o
LOAD build/stm32f1xx_hal_gpio.o
LOAD build/stm32f1xx_hal_dma.o
LOAD build/stm32f1xx_hal_cortex.o
LOAD build/stm32f1xx_hal_pwr.o
LOAD build/stm32f1xx_hal_flash.o
LOAD build/stm32f1xx_hal_flash_ex.o
LOAD build/stm32f1xx_hal_exti.o
LOAD build/system_stm32f1xx.o
LOAD build/freertos.o
LOAD build/tim.o
LOAD build/stm32f1xx_hal_timebase_tim.o
LOAD build/croutine.o
LOAD build/event_groups.o
LOAD build/list.o
LOAD build/queue.o
LOAD build/stream_buffer.o
LOAD build/tasks.o
LOAD build/timers.o
LOAD build/cmsis_os2.o
LOAD build/heap_4.o
LOAD build/port.o
LOAD build/startup_stm32f103xb.o
LOAD c:/program files (x86)/gnu tools arm embedded/9 2019-q4-major/bin/../lib/gcc/arm-none-eabi/9.2.1/../../../../arm-none-eabi/lib/thumb/v7-m/nofp\libc_nano.a
LOAD c:/program files (x86)/gnu tools arm embedded/9 2019-q4-major/bin/../lib/gcc/arm-none-eabi/9.2.1/../../../../arm-none-eabi/lib/thumb/v7-m/nofp\libm.a
LOAD c:/program files (x86)/gnu tools arm embedded/9 2019-q4-major/bin/../lib/gcc/arm-none-eabi/9.2.1/../../../../arm-none-eabi/lib/thumb/v7-m/nofp\libnosys.a
START GROUP
LOAD c:/program files (x86)/gnu tools arm embedded/9 2019-q4-major/bin/../lib/gcc/arm-none-eabi/9.2.1/thumb/v7-m/nofp\libgcc.a
LOAD c:/program files (x86)/gnu tools arm embedded/9 2019-q4-major/bin/../lib/gcc/arm-none-eabi/9.2.1/../../../../arm-none-eabi/lib/thumb/v7-m/nofp\libc_nano.a
END GROUP
START GROUP
LOAD c:/program files (x86)/gnu tools arm embedded/9 2019-q4-major/bin/../lib/gcc/arm-none-eabi/9.2.1/thumb/v7-m/nofp\libgcc.a
LOAD c:/program files (x86)/gnu tools arm embedded/9 2019-q4-major/bin/../lib/gcc/arm-none-eabi/9.2.1/../../../../arm-none-eabi/lib/thumb/v7-m/nofp\libc_nano.a
END GROUP
LOAD c:/program files (x86)/gnu tools arm embedded/9 2019-q4-major/bin/../lib/gcc/arm-none-eabi/9.2.1/thumb/v7-m/nofp/crtend.o
LOAD c:/program files (x86)/gnu tools arm embedded/9 2019-q4-major/bin/../lib/gcc/arm-none-eabi/9.2.1/thumb/v7-m/nofp/crtn.o
                0x20005000                _estack = 0x20005000
                0x00000200                _Min_Heap_Size = 0x200
                0x00000400                _Min_Stack_Size = 0x400

.isr_vector     0x08000000      0x10c
                0x08000000                . = ALIGN (0x4)
 *(.isr_vector)
 .isr_vector    0x08000000      0x10c build/startup_stm32f103xb.o
                0x08000000                g_pfnVectors
                0x0800010c                . = ALIGN (0x4)

.text           0x08000110     0x450c
                0x08000110                . = ALIGN (0x4)
 *(.text)
 .text          0x08000110       0x40 c:/program files (x86)/gnu tools arm embedded/9 2019-q4-major/bin/../lib/gcc/arm-none-eabi/9.2.1/thumb/v7-m/nofp/crtbegin.o
 *(.text*)
 .text.pressDownCallback
                0x08000150       0x2c build/main.o
                0x08000150                pressDownCallback
 .text.readPinLevel
                0x0800017c       0x10 build/main.o
                0x0800017c                readPinLevel
 .text.HAL_TIM_PeriodElapsedCallback
                0x0800018c       0x18 build/main.o
                0x0800018c                HAL_TIM_PeriodElapsedCallback
 .text.Error_Handler
                0x080001a4        0x4 build/main.o
                0x080001a4                Error_Handler
 .text.SystemClock_Config
                0x080001a8       0x62 build/main.o
                0x080001a8                SystemClock_Config
 *fill*         0x0800020a        0x2 
 .text.main     0x0800020c       0x58 build/main.o
                0x0800020c                main
 .text.MX_GPIO_Init
                0x08000264       0x74 build/gpio.o
                0x08000264                MX_GPIO_Init
 .text.button_init
                0x080002d8       0x2e build/MultiButton.o
                0x080002d8                button_init
 .text.button_attach
                0x08000306        0x8 build/MultiButton.o
                0x08000306                button_attach
 .text.button_handler
                0x0800030e      0x20c build/MultiButton.o
                0x0800030e                button_handler
 *fill*         0x0800051a        0x2 
 .text.button_start
                0x0800051c       0x24 build/MultiButton.o
                0x0800051c                button_start
 .text.button_ticks
                0x08000540       0x18 build/MultiButton.o
                0x08000540                button_ticks
 .text.__io_putchar
                0x08000558       0x20 build/usart.o
                0x08000558                __io_putchar
 .text._write   0x08000578       0x1c build/usart.o
                0x08000578                _write
 .text.MX_USART1_UART_Init
                0x08000594       0x34 build/usart.o
                0x08000594                MX_USART1_UART_Init
 .text.HAL_UART_MspInit
                0x080005c8       0x78 build/usart.o
                0x080005c8                HAL_UART_MspInit
 .text.NMI_Handler
                0x08000640        0x2 build/stm32f1xx_it.o
                0x08000640                NMI_Handler
 .text.HardFault_Handler
                0x08000642        0x2 build/stm32f1xx_it.o
                0x08000642                HardFault_Handler
 .text.MemManage_Handler
                0x08000644        0x2 build/stm32f1xx_it.o
                0x08000644                MemManage_Handler
 .text.BusFault_Handler
                0x08000646        0x2 build/stm32f1xx_it.o
                0x08000646                BusFault_Handler
 .text.UsageFault_Handler
                0x08000648        0x2 build/stm32f1xx_it.o
                0x08000648                UsageFault_Handler
 .text.DebugMon_Handler
                0x0800064a        0x2 build/stm32f1xx_it.o
                0x0800064a                DebugMon_Handler
 .text.TIM4_IRQHandler
                0x0800064c       0x10 build/stm32f1xx_it.o
                0x0800064c                TIM4_IRQHandler
 .text.HAL_MspInit
                0x0800065c       0x54 build/stm32f1xx_hal_msp.o
                0x0800065c                HAL_MspInit
 .text.TIM_TI1_ConfigInputStage
                0x080006b0       0x24 build/stm32f1xx_hal_tim.o
 .text.TIM_TI2_ConfigInputStage
                0x080006d4       0x26 build/stm32f1xx_hal_tim.o
 .text.TIM_ITRx_SetConfig
                0x080006fa       0x10 build/stm32f1xx_hal_tim.o
 *fill*         0x0800070a        0x2 
 .text.HAL_TIM_Base_Start_IT
                0x0800070c       0x68 build/stm32f1xx_hal_tim.o
                0x0800070c                HAL_TIM_Base_Start_IT
 .text.HAL_TIM_OC_DelayElapsedCallback
                0x08000774        0x2 build/stm32f1xx_hal_tim.o
                0x08000774                HAL_TIM_OC_DelayElapsedCallback
 .text.HAL_TIM_IC_CaptureCallback
                0x08000776        0x2 build/stm32f1xx_hal_tim.o
                0x08000776                HAL_TIM_IC_CaptureCallback
 .text.HAL_TIM_PWM_PulseFinishedCallback
                0x08000778        0x2 build/stm32f1xx_hal_tim.o
                0x08000778                HAL_TIM_PWM_PulseFinishedCallback
 .text.HAL_TIM_TriggerCallback
                0x0800077a        0x2 build/stm32f1xx_hal_tim.o
                0x0800077a                HAL_TIM_TriggerCallback
 .text.HAL_TIM_IRQHandler
                0x0800077c      0x17a build/stm32f1xx_hal_tim.o
                0x0800077c                HAL_TIM_IRQHandler
 *fill*         0x080008f6        0x2 
 .text.TIM_Base_SetConfig
                0x080008f8       0x74 build/stm32f1xx_hal_tim.o
                0x080008f8                TIM_Base_SetConfig
 .text.HAL_TIM_Base_Init
                0x0800096c       0x58 build/stm32f1xx_hal_tim.o
                0x0800096c                HAL_TIM_Base_Init
 .text.TIM_ETR_SetConfig
                0x080009c4       0x16 build/stm32f1xx_hal_tim.o
                0x080009c4                TIM_ETR_SetConfig
 .text.HAL_TIM_ConfigClockSource
                0x080009da       0xda build/stm32f1xx_hal_tim.o
                0x080009da                HAL_TIM_ConfigClockSource
 .text.HAL_TIMEx_MasterConfigSynchronization
                0x08000ab4       0x68 build/stm32f1xx_hal_tim_ex.o
                0x08000ab4                HAL_TIMEx_MasterConfigSynchronization
 .text.HAL_TIMEx_CommutCallback
                0x08000b1c        0x2 build/stm32f1xx_hal_tim_ex.o
                0x08000b1c                HAL_TIMEx_CommutCallback
 .text.HAL_TIMEx_BreakCallback
                0x08000b1e        0x2 build/stm32f1xx_hal_tim_ex.o
                0x08000b1e                HAL_TIMEx_BreakCallback
 .text.UART_SetConfig
                0x08000b20       0x90 build/stm32f1xx_hal_uart.o
 .text.HAL_UART_Init
                0x08000bb0       0x5e build/stm32f1xx_hal_uart.o
                0x08000bb0                HAL_UART_Init
 *fill*         0x08000c0e        0x2 
 .text.HAL_Init
                0x08000c10       0x24 build/stm32f1xx_hal.o
                0x08000c10                HAL_Init
 .text.HAL_IncTick
                0x08000c34       0x18 build/stm32f1xx_hal.o
                0x08000c34                HAL_IncTick
 .text.HAL_GetTick
                0x08000c4c        0xc build/stm32f1xx_hal.o
                0x08000c4c                HAL_GetTick
 .text.HAL_Delay
                0x08000c58       0x28 build/stm32f1xx_hal.o
                0x08000c58                HAL_Delay
 .text.RCC_Delay
                0x08000c80       0x2c build/stm32f1xx_hal_rcc.o
 .text.HAL_RCC_OscConfig
                0x08000cac      0x410 build/stm32f1xx_hal_rcc.o
                0x08000cac                HAL_RCC_OscConfig
 .text.HAL_RCC_GetSysClockFreq
                0x080010bc       0x6c build/stm32f1xx_hal_rcc.o
                0x080010bc                HAL_RCC_GetSysClockFreq
 .text.HAL_RCC_ClockConfig
                0x08001128      0x16c build/stm32f1xx_hal_rcc.o
                0x08001128                HAL_RCC_ClockConfig
 .text.HAL_RCC_GetHCLKFreq
                0x08001294        0xc build/stm32f1xx_hal_rcc.o
                0x08001294                HAL_RCC_GetHCLKFreq
 .text.HAL_RCC_GetPCLK1Freq
                0x080012a0       0x20 build/stm32f1xx_hal_rcc.o
                0x080012a0                HAL_RCC_GetPCLK1Freq
 .text.HAL_RCC_GetPCLK2Freq
                0x080012c0       0x20 build/stm32f1xx_hal_rcc.o
                0x080012c0                HAL_RCC_GetPCLK2Freq
 .text.HAL_RCC_GetClockConfig
                0x080012e0       0x3c build/stm32f1xx_hal_rcc.o
                0x080012e0                HAL_RCC_GetClockConfig
 .text.HAL_GPIO_Init
                0x0800131c      0x220 build/stm32f1xx_hal_gpio.o
                0x0800131c                HAL_GPIO_Init
 .text.HAL_GPIO_ReadPin
                0x0800153c        0xe build/stm32f1xx_hal_gpio.o
                0x0800153c                HAL_GPIO_ReadPin
 .text.HAL_GPIO_WritePin
                0x0800154a        0xc build/stm32f1xx_hal_gpio.o
                0x0800154a                HAL_GPIO_WritePin
 .text.HAL_GPIO_TogglePin
                0x08001556       0x12 build/stm32f1xx_hal_gpio.o
                0x08001556                HAL_GPIO_TogglePin
 .text.HAL_NVIC_SetPriorityGrouping
                0x08001568       0x24 build/stm32f1xx_hal_cortex.o
                0x08001568                HAL_NVIC_SetPriorityGrouping
 .text.HAL_NVIC_SetPriority
                0x0800158c       0x68 build/stm32f1xx_hal_cortex.o
                0x0800158c                HAL_NVIC_SetPriority
 .text.HAL_NVIC_EnableIRQ
                0x080015f4       0x1c build/stm32f1xx_hal_cortex.o
                0x080015f4                HAL_NVIC_EnableIRQ
 .text.SystemInit
                0x08001610        0x2 build/system_stm32f1xx.o
                0x08001610                SystemInit
 *fill*         0x08001612        0x2 
 .text.StartDefaultTask
                0x08001614       0xd0 build/freertos.o
                0x08001614                StartDefaultTask
 .text.ledTaskFunction
                0x080016e4       0x44 build/freertos.o
                0x080016e4                ledTaskFunction
 .text.MX_FREERTOS_Init
                0x08001728       0x70 build/freertos.o
                0x08001728                MX_FREERTOS_Init
 .text.MX_TIM1_Init
                0x08001798       0x70 build/tim.o
                0x08001798                MX_TIM1_Init
 .text.HAL_TIM_Base_MspInit
                0x08001808       0x2c build/tim.o
                0x08001808                HAL_TIM_Base_MspInit
 .text.HAL_InitTick
                0x08001834       0xa0 build/stm32f1xx_hal_timebase_tim.o
                0x08001834                HAL_InitTick
 .text.vListInitialise
                0x080018d4       0x16 build/list.o
                0x080018d4                vListInitialise
 .text.vListInitialiseItem
                0x080018ea        0x6 build/list.o
                0x080018ea                vListInitialiseItem
 .text.vListInsertEnd
                0x080018f0       0x16 build/list.o
                0x080018f0                vListInsertEnd
 .text.vListInsert
                0x08001906       0x32 build/list.o
                0x08001906                vListInsert
 .text.uxListRemove
                0x08001938       0x26 build/list.o
                0x08001938                uxListRemove
 .text.prvIsQueueFull
                0x0800195e       0x1e build/queue.o
 .text.prvIsQueueEmpty
                0x0800197c       0x1a build/queue.o
 .text.prvCopyDataToQueue
                0x08001996       0x76 build/queue.o
 .text.prvCopyDataFromQueue
                0x08001a0c       0x24 build/queue.o
 .text.prvUnlockQueue
                0x08001a30       0x6e build/queue.o
 *fill*         0x08001a9e        0x2 
 .text.xQueueGenericReset
                0x08001aa0       0x84 build/queue.o
                0x08001aa0                xQueueGenericReset
 .text.prvInitialiseNewQueue
                0x08001b24       0x22 build/queue.o
 .text.xQueueGenericCreateStatic
                0x08001b46       0x92 build/queue.o
                0x08001b46                xQueueGenericCreateStatic
 .text.xQueueGenericCreate
                0x08001bd8       0x4e build/queue.o
                0x08001bd8                xQueueGenericCreate
 *fill*         0x08001c26        0x2 
 .text.xQueueGenericSend
                0x08001c28      0x180 build/queue.o
                0x08001c28                xQueueGenericSend
 .text.xQueueGenericSendFromISR
                0x08001da8       0xce build/queue.o
                0x08001da8                xQueueGenericSendFromISR
 *fill*         0x08001e76        0x2 
 .text.xQueueReceive
                0x08001e78      0x15c build/queue.o
                0x08001e78                xQueueReceive
 .text.vQueueAddToRegistry
                0x08001fd4       0x28 build/queue.o
                0x08001fd4                vQueueAddToRegistry
 .text.vQueueWaitForMessageRestricted
                0x08001ffc       0x52 build/queue.o
                0x08001ffc                vQueueWaitForMessageRestricted
 *fill*         0x0800204e        0x2 
 .text.prvResetNextTaskUnblockTime
                0x08002050       0x2c build/tasks.o
 .text.prvInitialiseNewTask
                0x0800207c       0x90 build/tasks.o
 .text.prvInitialiseTaskLists
                0x0800210c       0x68 build/tasks.o
 .text.prvAddNewTaskToReadyList
                0x08002174       0xac build/tasks.o
 .text.prvDeleteTCB
                0x08002220       0x38 build/tasks.o
 .text.prvCheckTasksWaitingTermination
                0x08002258       0x4c build/tasks.o
 .text.prvIdleTask
                0x080022a4       0x28 build/tasks.o
 .text.prvAddCurrentTaskToDelayedList
                0x080022cc       0x7c build/tasks.o
 .text.xTaskCreateStatic
                0x08002348       0x72 build/tasks.o
                0x08002348                xTaskCreateStatic
 .text.xTaskCreate
                0x080023ba       0x68 build/tasks.o
                0x080023ba                xTaskCreate
 *fill*         0x08002422        0x2 
 .text.vTaskStartScheduler
                0x08002424       0x94 build/tasks.o
                0x08002424                vTaskStartScheduler
 .text.vTaskSuspendAll
                0x080024b8       0x10 build/tasks.o
                0x080024b8                vTaskSuspendAll
 .text.xTaskGetTickCount
                0x080024c8        0xc build/tasks.o
                0x080024c8                xTaskGetTickCount
 .text.xTaskIncrementTick
                0x080024d4      0x118 build/tasks.o
                0x080024d4                xTaskIncrementTick
 .text.xTaskResumeAll
                0x080025ec       0xf8 build/tasks.o
                0x080025ec                xTaskResumeAll
 .text.vTaskDelay
                0x080026e4       0x4c build/tasks.o
                0x080026e4                vTaskDelay
 .text.vTaskSwitchContext
                0x08002730       0x94 build/tasks.o
                0x08002730                vTaskSwitchContext
 .text.vTaskPlaceOnEventList
                0x080027c4       0x30 build/tasks.o
                0x080027c4                vTaskPlaceOnEventList
 .text.vTaskPlaceOnEventListRestricted
                0x080027f4       0x38 build/tasks.o
                0x080027f4                vTaskPlaceOnEventListRestricted
 .text.xTaskRemoveFromEventList
                0x0800282c       0x8c build/tasks.o
                0x0800282c                xTaskRemoveFromEventList
 .text.vTaskInternalSetTimeOutState
                0x080028b8       0x18 build/tasks.o
                0x080028b8                vTaskInternalSetTimeOutState
 .text.xTaskCheckForTimeOut
                0x080028d0       0x84 build/tasks.o
                0x080028d0                xTaskCheckForTimeOut
 .text.vTaskMissedYield
                0x08002954        0xc build/tasks.o
                0x08002954                vTaskMissedYield
 .text.xTaskGetSchedulerState
                0x08002960       0x20 build/tasks.o
                0x08002960                xTaskGetSchedulerState
 .text.xTaskPriorityDisinherit
                0x08002980       0x90 build/tasks.o
                0x08002980                xTaskPriorityDisinherit
 .text.prvGetNextExpireTime
                0x08002a10       0x20 build/timers.o
 .text.prvInsertTimerInActiveList
                0x08002a30       0x48 build/timers.o
 .text.prvCheckForValidListAndQueue
                0x08002a78       0x70 build/timers.o
 .text.xTimerCreateTimerTask
                0x08002ae8       0x64 build/timers.o
                0x08002ae8                xTimerCreateTimerTask
 .text.xTimerGenericCommand
                0x08002b4c       0x6c build/timers.o
                0x08002b4c                xTimerGenericCommand
 .text.prvSwitchTimerLists
                0x08002bb8       0x78 build/timers.o
 .text.prvSampleTimeNow
                0x08002c30       0x2c build/timers.o
 .text.prvProcessExpiredTimer
                0x08002c5c       0x60 build/timers.o
 .text.prvProcessTimerOrBlockTask
                0x08002cbc       0x74 build/timers.o
 .text.prvProcessReceivedCommands
                0x08002d30       0xf8 build/timers.o
 .text.prvTimerTask
                0x08002e28       0x16 build/timers.o
 *fill*         0x08002e3e        0x2 
 .text.osKernelInitialize
                0x08002e40       0x44 build/cmsis_os2.o
                0x08002e40                osKernelInitialize
 .text.osKernelStart
                0x08002e84       0x4c build/cmsis_os2.o
                0x08002e84                osKernelStart
 .text.osThreadNew
                0x08002ed0       0xec build/cmsis_os2.o
                0x08002ed0                osThreadNew
 .text.osDelay  0x08002fbc       0x44 build/cmsis_os2.o
                0x08002fbc                osDelay
 .text.vApplicationGetIdleTaskMemory
                0x08003000       0x18 build/cmsis_os2.o
                0x08003000                vApplicationGetIdleTaskMemory
 .text.vApplicationGetTimerTaskMemory
                0x08003018       0x18 build/cmsis_os2.o
                0x08003018                vApplicationGetTimerTaskMemory
 .text.prvHeapInit
                0x08003030       0x64 build/heap_4.o
 .text.prvInsertBlockIntoFreeList
                0x08003094       0x54 build/heap_4.o
 .text.pvPortMalloc
                0x080030e8       0xf0 build/heap_4.o
                0x080030e8                pvPortMalloc
 .text.vPortFree
                0x080031d8       0x70 build/heap_4.o
                0x080031d8                vPortFree
 .text.prvTaskExitError
                0x08003248       0x40 build/port.o
 .text.prvPortStartFirstTask
                0x08003288       0x20 build/port.o
 .text.pxPortInitialiseStack
                0x080032a8       0x24 build/port.o
                0x080032a8                pxPortInitialiseStack
 *fill*         0x080032cc        0x4 
 .text.SVC_Handler
                0x080032d0       0x24 build/port.o
                0x080032d0                SVC_Handler
 .text.vPortEnterCritical
                0x080032f4       0x44 build/port.o
                0x080032f4                vPortEnterCritical
 .text.vPortExitCritical
                0x08003338       0x2c build/port.o
                0x08003338                vPortExitCritical
 *fill*         0x08003364        0xc 
 .text.PendSV_Handler
                0x08003370       0x44 build/port.o
                0x08003370                PendSV_Handler
 .text.SysTick_Handler
                0x080033b4       0x2c build/port.o
                0x080033b4                SysTick_Handler
 .text.vPortSetupTimerInterrupt
                0x080033e0       0x38 build/port.o
                0x080033e0                vPortSetupTimerInterrupt
 .text.xPortStartScheduler
                0x08003418       0xb8 build/port.o
                0x08003418                xPortStartScheduler
 .text.vPortValidateInterruptPriority
                0x080034d0       0x5c build/port.o
                0x080034d0                vPortValidateInterruptPriority
 .text.Reset_Handler
                0x0800352c       0x48 build/startup_stm32f103xb.o
                0x0800352c                Reset_Handler
 .text.Default_Handler
                0x08003574        0x2 build/startup_stm32f103xb.o
                0x08003574                RTC_Alarm_IRQHandler
                0x08003574                EXTI2_IRQHandler
                0x08003574                TIM1_CC_IRQHandler
                0x08003574                PVD_IRQHandler
                0x08003574                EXTI3_IRQHandler
                0x08003574                EXTI0_IRQHandler
                0x08003574                I2C2_EV_IRQHandler
                0x08003574                ADC1_2_IRQHandler
                0x08003574                SPI1_IRQHandler
                0x08003574                TAMPER_IRQHandler
                0x08003574                DMA1_Channel4_IRQHandler
                0x08003574                USART3_IRQHandler
                0x08003574                RTC_IRQHandler
                0x08003574                DMA1_Channel7_IRQHandler
                0x08003574                CAN1_RX1_IRQHandler
                0x08003574                I2C1_EV_IRQHandler
                0x08003574                DMA1_Channel6_IRQHandler
                0x08003574                TIM3_IRQHandler
                0x08003574                RCC_IRQHandler
                0x08003574                TIM1_TRG_COM_IRQHandler
                0x08003574                DMA1_Channel1_IRQHandler
                0x08003574                Default_Handler
                0x08003574                EXTI15_10_IRQHandler
                0x08003574                EXTI9_5_IRQHandler
                0x08003574                SPI2_IRQHandler
                0x08003574                DMA1_Channel5_IRQHandler
                0x08003574                EXTI4_IRQHandler
                0x08003574                USB_LP_CAN1_RX0_IRQHandler
                0x08003574                USB_HP_CAN1_TX_IRQHandler
                0x08003574                DMA1_Channel3_IRQHandler
                0x08003574                TIM1_UP_IRQHandler
                0x08003574                WWDG_IRQHandler
                0x08003574                TIM2_IRQHandler
                0x08003574                TIM1_BRK_IRQHandler
                0x08003574                EXTI1_IRQHandler
                0x08003574                USART2_IRQHandler
                0x08003574                I2C2_ER_IRQHandler
                0x08003574                DMA1_Channel2_IRQHandler
                0x08003574                CAN1_SCE_IRQHandler
                0x08003574                FLASH_IRQHandler
                0x08003574                USART1_IRQHandler
                0x08003574                I2C1_ER_IRQHandler
                0x08003574                USBWakeUp_IRQHandler
 *fill*         0x08003576        0x2 
 .text.__libc_init_array
                0x08003578       0x48 c:/program files (x86)/gnu tools arm embedded/9 2019-q4-major/bin/../lib/gcc/arm-none-eabi/9.2.1/../../../../arm-none-eabi/lib/thumb/v7-m/nofp\libc_nano.a(lib_a-init.o)
                0x08003578                __libc_init_array
 .text.memcpy   0x080035c0       0x1c c:/program files (x86)/gnu tools arm embedded/9 2019-q4-major/bin/../lib/gcc/arm-none-eabi/9.2.1/../../../../arm-none-eabi/lib/thumb/v7-m/nofp\libc_nano.a(lib_a-memcpy-stub.o)
                0x080035c0                memcpy
 .text.memset   0x080035dc       0x10 c:/program files (x86)/gnu tools arm embedded/9 2019-q4-major/bin/../lib/gcc/arm-none-eabi/9.2.1/../../../../arm-none-eabi/lib/thumb/v7-m/nofp\libc_nano.a(lib_a-memset.o)
                0x080035dc                memset
 .text.printf   0x080035ec       0x30 c:/program files (x86)/gnu tools arm embedded/9 2019-q4-major/bin/../lib/gcc/arm-none-eabi/9.2.1/../../../../arm-none-eabi/lib/thumb/v7-m/nofp\libc_nano.a(lib_a-printf.o)
                0x080035ec                iprintf
                0x080035ec                printf
 .text._puts_r  0x0800361c       0xdc c:/program files (x86)/gnu tools arm embedded/9 2019-q4-major/bin/../lib/gcc/arm-none-eabi/9.2.1/../../../../arm-none-eabi/lib/thumb/v7-m/nofp\libc_nano.a(lib_a-puts.o)
                0x0800361c                _puts_r
 .text.puts     0x080036f8       0x10 c:/program files (x86)/gnu tools arm embedded/9 2019-q4-major/bin/../lib/gcc/arm-none-eabi/9.2.1/../../../../arm-none-eabi/lib/thumb/v7-m/nofp\libc_nano.a(lib_a-puts.o)
                0x080036f8                puts
 .text.__swbuf_r
                0x08003708       0xa4 c:/program files (x86)/gnu tools arm embedded/9 2019-q4-major/bin/../lib/gcc/arm-none-eabi/9.2.1/../../../../arm-none-eabi/lib/thumb/v7-m/nofp\libc_nano.a(lib_a-wbuf.o)
                0x08003708                __swbuf_r
 .text.__swsetup_r
                0x080037ac       0xdc c:/program files (x86)/gnu tools arm embedded/9 2019-q4-major/bin/../lib/gcc/arm-none-eabi/9.2.1/../../../../arm-none-eabi/lib/thumb/v7-m/nofp\libc_nano.a(lib_a-wsetup.o)
                0x080037ac                __swsetup_r
 .text.__sflush_r
                0x08003888      0x10c c:/program files (x86)/gnu tools arm embedded/9 2019-q4-major/bin/../lib/gcc/arm-none-eabi/9.2.1/../../../../arm-none-eabi/lib/thumb/v7-m/nofp\libc_nano.a(lib_a-fflush.o)
                0x08003888                __sflush_r
 .text._fflush_r
                0x08003994       0x78 c:/program files (x86)/gnu tools arm embedded/9 2019-q4-major/bin/../lib/gcc/arm-none-eabi/9.2.1/../../../../arm-none-eabi/lib/thumb/v7-m/nofp\libc_nano.a(lib_a-fflush.o)
                0x08003994                _fflush_r
 .text.std      0x08003a0c       0x48 c:/program files (x86)/gnu tools arm embedded/9 2019-q4-major/bin/../lib/gcc/arm-none-eabi/9.2.1/../../../../arm-none-eabi/lib/thumb/v7-m/nofp\libc_nano.a(lib_a-findfp.o)
 .text._cleanup_r
                0x08003a54        0xc c:/program files (x86)/gnu tools arm embedded/9 2019-q4-major/bin/../lib/gcc/arm-none-eabi/9.2.1/../../../../arm-none-eabi/lib/thumb/v7-m/nofp\libc_nano.a(lib_a-findfp.o)
                0x08003a54                _cleanup_r
 .text.__sfmoreglue
                0x08003a60       0x2c c:/program files (x86)/gnu tools arm embedded/9 2019-q4-major/bin/../lib/gcc/arm-none-eabi/9.2.1/../../../../arm-none-eabi/lib/thumb/v7-m/nofp\libc_nano.a(lib_a-findfp.o)
                0x08003a60                __sfmoreglue
 .text.__sfp_lock_acquire
                0x08003a8c        0xc c:/program files (x86)/gnu tools arm embedded/9 2019-q4-major/bin/../lib/gcc/arm-none-eabi/9.2.1/../../../../arm-none-eabi/lib/thumb/v7-m/nofp\libc_nano.a(lib_a-findfp.o)
                0x08003a8c                __sfp_lock_acquire
 .text.__sfp_lock_release
                0x08003a98        0xc c:/program files (x86)/gnu tools arm embedded/9 2019-q4-major/bin/../lib/gcc/arm-none-eabi/9.2.1/../../../../arm-none-eabi/lib/thumb/v7-m/nofp\libc_nano.a(lib_a-findfp.o)
                0x08003a98                __sfp_lock_release
 .text.__sinit_lock_acquire
                0x08003aa4        0xc c:/program files (x86)/gnu tools arm embedded/9 2019-q4-major/bin/../lib/gcc/arm-none-eabi/9.2.1/../../../../arm-none-eabi/lib/thumb/v7-m/nofp\libc_nano.a(lib_a-findfp.o)
                0x08003aa4                __sinit_lock_acquire
 .text.__sinit_lock_release
                0x08003ab0        0xc c:/program files (x86)/gnu tools arm embedded/9 2019-q4-major/bin/../lib/gcc/arm-none-eabi/9.2.1/../../../../arm-none-eabi/lib/thumb/v7-m/nofp\libc_nano.a(lib_a-findfp.o)
                0x08003ab0                __sinit_lock_release
 .text.__sinit  0x08003abc       0x70 c:/program files (x86)/gnu tools arm embedded/9 2019-q4-major/bin/../lib/gcc/arm-none-eabi/9.2.1/../../../../arm-none-eabi/lib/thumb/v7-m/nofp\libc_nano.a(lib_a-findfp.o)
                0x08003abc                __sinit
 .text.__sfp    0x08003b2c       0x8c c:/program files (x86)/gnu tools arm embedded/9 2019-q4-major/bin/../lib/gcc/arm-none-eabi/9.2.1/../../../../arm-none-eabi/lib/thumb/v7-m/nofp\libc_nano.a(lib_a-findfp.o)
                0x08003b2c                __sfp
 .text._fwalk_reent
                0x08003bb8       0x3e c:/program files (x86)/gnu tools arm embedded/9 2019-q4-major/bin/../lib/gcc/arm-none-eabi/9.2.1/../../../../arm-none-eabi/lib/thumb/v7-m/nofp\libc_nano.a(lib_a-fwalk.o)
                0x08003bb8                _fwalk_reent
 .text.__retarget_lock_init_recursive
                0x08003bf6        0x2 c:/program files (x86)/gnu tools arm embedded/9 2019-q4-major/bin/../lib/gcc/arm-none-eabi/9.2.1/../../../../arm-none-eabi/lib/thumb/v7-m/nofp\libc_nano.a(lib_a-lock.o)
                0x08003bf6                __retarget_lock_init_recursive
 .text.__retarget_lock_acquire_recursive
                0x08003bf8        0x2 c:/program files (x86)/gnu tools arm embedded/9 2019-q4-major/bin/../lib/gcc/arm-none-eabi/9.2.1/../../../../arm-none-eabi/lib/thumb/v7-m/nofp\libc_nano.a(lib_a-lock.o)
                0x08003bf8                __retarget_lock_acquire_recursive
 .text.__retarget_lock_release_recursive
                0x08003bfa        0x2 c:/program files (x86)/gnu tools arm embedded/9 2019-q4-major/bin/../lib/gcc/arm-none-eabi/9.2.1/../../../../arm-none-eabi/lib/thumb/v7-m/nofp\libc_nano.a(lib_a-lock.o)
                0x08003bfa                __retarget_lock_release_recursive
 .text.__swhatbuf_r
                0x08003bfc       0x48 c:/program files (x86)/gnu tools arm embedded/9 2019-q4-major/bin/../lib/gcc/arm-none-eabi/9.2.1/../../../../arm-none-eabi/lib/thumb/v7-m/nofp\libc_nano.a(lib_a-makebuf.o)
                0x08003bfc                __swhatbuf_r
 .text.__smakebuf_r
                0x08003c44       0x80 c:/program files (x86)/gnu tools arm embedded/9 2019-q4-major/bin/../lib/gcc/arm-none-eabi/9.2.1/../../../../arm-none-eabi/lib/thumb/v7-m/nofp\libc_nano.a(lib_a-makebuf.o)
                0x08003c44                __smakebuf_r
 .text._free_r  0x08003cc4       0x98 c:/program files (x86)/gnu tools arm embedded/9 2019-q4-major/bin/../lib/gcc/arm-none-eabi/9.2.1/../../../../arm-none-eabi/lib/thumb/v7-m/nofp\libc_nano.a(lib_a-nano-freer.o)
                0x08003cc4                _free_r
 .text._malloc_r
                0x08003d5c       0xb4 c:/program files (x86)/gnu tools arm embedded/9 2019-q4-major/bin/../lib/gcc/arm-none-eabi/9.2.1/../../../../arm-none-eabi/lib/thumb/v7-m/nofp\libc_nano.a(lib_a-nano-mallocr.o)
                0x08003d5c                _malloc_r
 .text.__sfputc_r
                0x08003e10       0x2a c:/program files (x86)/gnu tools arm embedded/9 2019-q4-major/bin/../lib/gcc/arm-none-eabi/9.2.1/../../../../arm-none-eabi/lib/thumb/v7-m/nofp\libc_nano.a(lib_a-nano-vfprintf.o)
 .text.__sfputs_r
                0x08003e3a       0x24 c:/program files (x86)/gnu tools arm embedded/9 2019-q4-major/bin/../lib/gcc/arm-none-eabi/9.2.1/../../../../arm-none-eabi/lib/thumb/v7-m/nofp\libc_nano.a(lib_a-nano-vfprintf.o)
                0x08003e3a                __sfputs_r
 *fill*         0x08003e5e        0x2 
 .text._vfprintf_r
                0x08003e60      0x260 c:/program files (x86)/gnu tools arm embedded/9 2019-q4-major/bin/../lib/gcc/arm-none-eabi/9.2.1/../../../../arm-none-eabi/lib/thumb/v7-m/nofp\libc_nano.a(lib_a-nano-vfprintf.o)
                0x08003e60                _vfprintf_r
                0x08003e60                _vfiprintf_r
 .text._printf_common
                0x080040c0       0xde c:/program files (x86)/gnu tools arm embedded/9 2019-q4-major/bin/../lib/gcc/arm-none-eabi/9.2.1/../../../../arm-none-eabi/lib/thumb/v7-m/nofp\libc_nano.a(lib_a-nano-vfprintf_i.o)
                0x080040c0                _printf_common
 *fill*         0x0800419e        0x2 
 .text._printf_i
                0x080041a0      0x24c c:/program files (x86)/gnu tools arm embedded/9 2019-q4-major/bin/../lib/gcc/arm-none-eabi/9.2.1/../../../../arm-none-eabi/lib/thumb/v7-m/nofp\libc_nano.a(lib_a-nano-vfprintf_i.o)
                0x080041a0                _printf_i
 .text._sbrk_r  0x080043ec       0x20 c:/program files (x86)/gnu tools arm embedded/9 2019-q4-major/bin/../lib/gcc/arm-none-eabi/9.2.1/../../../../arm-none-eabi/lib/thumb/v7-m/nofp\libc_nano.a(lib_a-sbrkr.o)
                0x080043ec                _sbrk_r
 .text.__sread  0x0800440c       0x22 c:/program files (x86)/gnu tools arm embedded/9 2019-q4-major/bin/../lib/gcc/arm-none-eabi/9.2.1/../../../../arm-none-eabi/lib/thumb/v7-m/nofp\libc_nano.a(lib_a-stdio.o)
                0x0800440c                __sread
 .text.__swrite
                0x0800442e       0x38 c:/program files (x86)/gnu tools arm embedded/9 2019-q4-major/bin/../lib/gcc/arm-none-eabi/9.2.1/../../../../arm-none-eabi/lib/thumb/v7-m/nofp\libc_nano.a(lib_a-stdio.o)
                0x0800442e                __swrite
 .text.__sseek  0x08004466       0x24 c:/program files (x86)/gnu tools arm embedded/9 2019-q4-major/bin/../lib/gcc/arm-none-eabi/9.2.1/../../../../arm-none-eabi/lib/thumb/v7-m/nofp\libc_nano.a(lib_a-stdio.o)
                0x08004466                __sseek
 .text.__sclose
                0x0800448a        0x8 c:/program files (x86)/gnu tools arm embedded/9 2019-q4-major/bin/../lib/gcc/arm-none-eabi/9.2.1/../../../../arm-none-eabi/lib/thumb/v7-m/nofp\libc_nano.a(lib_a-stdio.o)
                0x0800448a                __sclose
 *fill*         0x08004492        0x2 
 .text._write_r
                0x08004494       0x24 c:/program files (x86)/gnu tools arm embedded/9 2019-q4-major/bin/../lib/gcc/arm-none-eabi/9.2.1/../../../../arm-none-eabi/lib/thumb/v7-m/nofp\libc_nano.a(lib_a-writer.o)
                0x08004494                _write_r
 .text._close_r
                0x080044b8       0x20 c:/program files (x86)/gnu tools arm embedded/9 2019-q4-major/bin/../lib/gcc/arm-none-eabi/9.2.1/../../../../arm-none-eabi/lib/thumb/v7-m/nofp\libc_nano.a(lib_a-closer.o)
                0x080044b8                _close_r
 .text._fstat_r
                0x080044d8       0x24 c:/program files (x86)/gnu tools arm embedded/9 2019-q4-major/bin/../lib/gcc/arm-none-eabi/9.2.1/../../../../arm-none-eabi/lib/thumb/v7-m/nofp\libc_nano.a(lib_a-fstatr.o)
                0x080044d8                _fstat_r
 .text._isatty_r
                0x080044fc       0x20 c:/program files (x86)/gnu tools arm embedded/9 2019-q4-major/bin/../lib/gcc/arm-none-eabi/9.2.1/../../../../arm-none-eabi/lib/thumb/v7-m/nofp\libc_nano.a(lib_a-isattyr.o)
                0x080044fc                _isatty_r
 .text._lseek_r
                0x0800451c       0x24 c:/program files (x86)/gnu tools arm embedded/9 2019-q4-major/bin/../lib/gcc/arm-none-eabi/9.2.1/../../../../arm-none-eabi/lib/thumb/v7-m/nofp\libc_nano.a(lib_a-lseekr.o)
                0x0800451c                _lseek_r
 .text.memchr   0x08004540       0x1c c:/program files (x86)/gnu tools arm embedded/9 2019-q4-major/bin/../lib/gcc/arm-none-eabi/9.2.1/../../../../arm-none-eabi/lib/thumb/v7-m/nofp\libc_nano.a(lib_a-memchr-stub.o)
                0x08004540                memchr
 .text.__malloc_lock
                0x0800455c        0xc c:/program files (x86)/gnu tools arm embedded/9 2019-q4-major/bin/../lib/gcc/arm-none-eabi/9.2.1/../../../../arm-none-eabi/lib/thumb/v7-m/nofp\libc_nano.a(lib_a-mlock.o)
                0x0800455c                __malloc_lock
 .text.__malloc_unlock
                0x08004568        0xc c:/program files (x86)/gnu tools arm embedded/9 2019-q4-major/bin/../lib/gcc/arm-none-eabi/9.2.1/../../../../arm-none-eabi/lib/thumb/v7-m/nofp\libc_nano.a(lib_a-mlock.o)
                0x08004568                __malloc_unlock
 .text._read_r  0x08004574       0x24 c:/program files (x86)/gnu tools arm embedded/9 2019-q4-major/bin/../lib/gcc/arm-none-eabi/9.2.1/../../../../arm-none-eabi/lib/thumb/v7-m/nofp\libc_nano.a(lib_a-readr.o)
                0x08004574                _read_r
 .text._close   0x08004598       0x10 c:/program files (x86)/gnu tools arm embedded/9 2019-q4-major/bin/../lib/gcc/arm-none-eabi/9.2.1/../../../../arm-none-eabi/lib/thumb/v7-m/nofp\libnosys.a(close.o)
                0x08004598                _close
 .text._fstat   0x080045a8       0x10 c:/program files (x86)/gnu tools arm embedded/9 2019-q4-major/bin/../lib/gcc/arm-none-eabi/9.2.1/../../../../arm-none-eabi/lib/thumb/v7-m/nofp\libnosys.a(fstat.o)
                0x080045a8                _fstat
 .text._isatty  0x080045b8       0x10 c:/program files (x86)/gnu tools arm embedded/9 2019-q4-major/bin/../lib/gcc/arm-none-eabi/9.2.1/../../../../arm-none-eabi/lib/thumb/v7-m/nofp\libnosys.a(isatty.o)
                0x080045b8                _isatty
 .text._lseek   0x080045c8       0x10 c:/program files (x86)/gnu tools arm embedded/9 2019-q4-major/bin/../lib/gcc/arm-none-eabi/9.2.1/../../../../arm-none-eabi/lib/thumb/v7-m/nofp\libnosys.a(lseek.o)
                0x080045c8                _lseek
 .text._read    0x080045d8       0x10 c:/program files (x86)/gnu tools arm embedded/9 2019-q4-major/bin/../lib/gcc/arm-none-eabi/9.2.1/../../../../arm-none-eabi/lib/thumb/v7-m/nofp\libnosys.a(read.o)
                0x080045d8                _read
 .text._sbrk    0x080045e8       0x1c c:/program files (x86)/gnu tools arm embedded/9 2019-q4-major/bin/../lib/gcc/arm-none-eabi/9.2.1/../../../../arm-none-eabi/lib/thumb/v7-m/nofp\libnosys.a(sbrk.o)
                0x080045e8                _sbrk
 *(.glue_7)
 .glue_7        0x08004604        0x0 linker stubs
 *(.glue_7t)
 .glue_7t       0x08004604        0x0 linker stubs
 *(.eh_frame)
 .eh_frame      0x08004604        0x0 c:/program files (x86)/gnu tools arm embedded/9 2019-q4-major/bin/../lib/gcc/arm-none-eabi/9.2.1/thumb/v7-m/nofp/crtbegin.o
 *(.init)
 .init          0x08004604        0x4 c:/program files (x86)/gnu tools arm embedded/9 2019-q4-major/bin/../lib/gcc/arm-none-eabi/9.2.1/thumb/v7-m/nofp/crti.o
                0x08004604                _init
 .init          0x08004608        0x8 c:/program files (x86)/gnu tools arm embedded/9 2019-q4-major/bin/../lib/gcc/arm-none-eabi/9.2.1/thumb/v7-m/nofp/crtn.o
 *(.fini)
 .fini          0x08004610        0x4 c:/program files (x86)/gnu tools arm embedded/9 2019-q4-major/bin/../lib/gcc/arm-none-eabi/9.2.1/thumb/v7-m/nofp/crti.o
                0x08004610                _fini
 .fini          0x08004614        0x8 c:/program files (x86)/gnu tools arm embedded/9 2019-q4-major/bin/../lib/gcc/arm-none-eabi/9.2.1/thumb/v7-m/nofp/crtn.o
                0x0800461c                . = ALIGN (0x4)
                0x0800461c                _etext = .

.vfp11_veneer   0x0800461c        0x0
 .vfp11_veneer  0x0800461c        0x0 linker stubs

.v4_bx          0x0800461c        0x0
 .v4_bx         0x0800461c        0x0 linker stubs

.iplt           0x0800461c        0x0
 .iplt          0x0800461c        0x0 c:/program files (x86)/gnu tools arm embedded/9 2019-q4-major/bin/../lib/gcc/arm-none-eabi/9.2.1/thumb/v7-m/nofp/crtbegin.o

.rodata         0x0800461c      0x24c
                0x0800461c                . = ALIGN (0x4)
 *(.rodata)
 .rodata        0x0800461c       0x55 build/freertos.o
 *(.rodata*)
 *fill*         0x08004671        0x3 
 .rodata.pressDownCallback.str1.4
                0x08004674       0x18 build/main.o
 .rodata.HAL_RCC_GetSysClockFreq.str1.4
                0x0800468c       0x11 build/stm32f1xx_hal_rcc.o
 *fill*         0x0800469d        0x3 
 .rodata.AHBPrescTable
                0x080046a0       0x10 build/system_stm32f1xx.o
                0x080046a0                AHBPrescTable
 .rodata.APBPrescTable
                0x080046b0        0x8 build/system_stm32f1xx.o
                0x080046b0                APBPrescTable
 .rodata.StartDefaultTask.str1.4
                0x080046b8       0x41 build/freertos.o
 *fill*         0x080046f9        0x3 
 .rodata.ledTaskFunction.str1.4
                0x080046fc       0x14 build/freertos.o
 .rodata.MX_FREERTOS_Init.str1.4
                0x08004710       0x4b build/freertos.o
 *fill*         0x0800475b        0x1 
 .rodata.str1.4
                0x0800475c       0x14 build/freertos.o
 .rodata.defaultTask_attributes
                0x08004770       0x24 build/freertos.o
                0x08004770                defaultTask_attributes
 .rodata.ledTask_attributes
                0x08004794       0x24 build/freertos.o
                0x08004794                ledTask_attributes
 .rodata.vTaskStartScheduler.str1.4
                0x080047b8        0x5 build/tasks.o
 *fill*         0x080047bd        0x3 
 .rodata.prvCheckForValidListAndQueue.str1.4
                0x080047c0        0x5 build/timers.o
 *fill*         0x080047c5        0x3 
 .rodata.xTimerCreateTimerTask.str1.4
                0x080047c8        0x8 build/timers.o
 .rodata._global_impure_ptr
                0x080047d0        0x4 c:/program files (x86)/gnu tools arm embedded/9 2019-q4-major/bin/../lib/gcc/arm-none-eabi/9.2.1/../../../../arm-none-eabi/lib/thumb/v7-m/nofp\libc_nano.a(lib_a-impure.o)
                0x080047d0                _global_impure_ptr
 .rodata.__sf_fake_stderr
                0x080047d4       0x20 c:/program files (x86)/gnu tools arm embedded/9 2019-q4-major/bin/../lib/gcc/arm-none-eabi/9.2.1/../../../../arm-none-eabi/lib/thumb/v7-m/nofp\libc_nano.a(lib_a-findfp.o)
                0x080047d4                __sf_fake_stderr
 .rodata.__sf_fake_stdin
                0x080047f4       0x20 c:/program files (x86)/gnu tools arm embedded/9 2019-q4-major/bin/../lib/gcc/arm-none-eabi/9.2.1/../../../../arm-none-eabi/lib/thumb/v7-m/nofp\libc_nano.a(lib_a-findfp.o)
                0x080047f4                __sf_fake_stdin
 .rodata.__sf_fake_stdout
                0x08004814       0x20 c:/program files (x86)/gnu tools arm embedded/9 2019-q4-major/bin/../lib/gcc/arm-none-eabi/9.2.1/../../../../arm-none-eabi/lib/thumb/v7-m/nofp\libc_nano.a(lib_a-findfp.o)
                0x08004814                __sf_fake_stdout
 .rodata._vfprintf_r.str1.1
                0x08004834       0x11 c:/program files (x86)/gnu tools arm embedded/9 2019-q4-major/bin/../lib/gcc/arm-none-eabi/9.2.1/../../../../arm-none-eabi/lib/thumb/v7-m/nofp\libc_nano.a(lib_a-nano-vfprintf.o)
 .rodata._printf_i.str1.1
                0x08004845       0x22 c:/program files (x86)/gnu tools arm embedded/9 2019-q4-major/bin/../lib/gcc/arm-none-eabi/9.2.1/../../../../arm-none-eabi/lib/thumb/v7-m/nofp\libc_nano.a(lib_a-nano-vfprintf_i.o)
                0x08004868                . = ALIGN (0x4)
 *fill*         0x08004867        0x1 

.rel.dyn        0x08004868        0x0
 .rel.iplt      0x08004868        0x0 c:/program files (x86)/gnu tools arm embedded/9 2019-q4-major/bin/../lib/gcc/arm-none-eabi/9.2.1/thumb/v7-m/nofp/crtbegin.o

.ARM.extab
 *(.ARM.extab* .gnu.linkonce.armextab.*)

.ARM            0x08004868        0x0
                0x08004868                __exidx_start = .
 *(.ARM.exidx*)
                0x08004868                __exidx_end = .

.preinit_array  0x08004868        0x0
                0x08004868                PROVIDE (__preinit_array_start = .)
 *(.preinit_array*)
                0x08004868                PROVIDE (__preinit_array_end = .)

.init_array     0x08004868        0x4
                0x08004868                PROVIDE (__init_array_start = .)
 *(SORT_BY_NAME(.init_array.*))
 *(.init_array*)
 .init_array    0x08004868        0x4 c:/program files (x86)/gnu tools arm embedded/9 2019-q4-major/bin/../lib/gcc/arm-none-eabi/9.2.1/thumb/v7-m/nofp/crtbegin.o
                0x0800486c                PROVIDE (__init_array_end = .)

.fini_array     0x0800486c        0x4
                [!provide]                PROVIDE (__fini_array_start = .)
 *(SORT_BY_NAME(.fini_array.*))
 *(.fini_array*)
 .fini_array    0x0800486c        0x4 c:/program files (x86)/gnu tools arm embedded/9 2019-q4-major/bin/../lib/gcc/arm-none-eabi/9.2.1/thumb/v7-m/nofp/crtbegin.o
                [!provide]                PROVIDE (__fini_array_end = .)
                0x08004870                _sidata = LOADADDR (.data)

.data           0x20000000       0x74 load address 0x08004870
                0x20000000                . = ALIGN (0x4)
                0x20000000                _sdata = .
 *(.data)
 *(.data*)
 .data.uwTickFreq
                0x20000000        0x1 build/stm32f1xx_hal.o
                0x20000000                uwTickFreq
 *fill*         0x20000001        0x3 
 .data.uwTickPrio
                0x20000004        0x4 build/stm32f1xx_hal.o
                0x20000004                uwTickPrio
 .data.SystemCoreClock
                0x20000008        0x4 build/system_stm32f1xx.o
                0x20000008                SystemCoreClock
 .data.uxCriticalNesting
                0x2000000c        0x4 build/port.o
 .data._impure_ptr
                0x20000010        0x4 c:/program files (x86)/gnu tools arm embedded/9 2019-q4-major/bin/../lib/gcc/arm-none-eabi/9.2.1/../../../../arm-none-eabi/lib/thumb/v7-m/nofp\libc_nano.a(lib_a-impure.o)
                0x20000010                _impure_ptr
 .data.impure_data
                0x20000014       0x60 c:/program files (x86)/gnu tools arm embedded/9 2019-q4-major/bin/../lib/gcc/arm-none-eabi/9.2.1/../../../../arm-none-eabi/lib/thumb/v7-m/nofp\libc_nano.a(lib_a-impure.o)
                0x20000074                . = ALIGN (0x4)
                0x20000074                _edata = .

.igot.plt       0x20000074        0x0 load address 0x080048e4
 .igot.plt      0x20000074        0x0 c:/program files (x86)/gnu tools arm embedded/9 2019-q4-major/bin/../lib/gcc/arm-none-eabi/9.2.1/thumb/v7-m/nofp/crtbegin.o
                0x20000074                . = ALIGN (0x4)

.bss            0x20000074     0x1a94 load address 0x080048e4
                0x20000074                _sbss = .
                0x20000074                __bss_start__ = _sbss
 *(.bss)
 .bss           0x20000074       0x1c c:/program files (x86)/gnu tools arm embedded/9 2019-q4-major/bin/../lib/gcc/arm-none-eabi/9.2.1/thumb/v7-m/nofp/crtbegin.o
 *(.bss*)
 .bss.i.7929    0x20000090        0x4 build/main.o
 .bss.head_handle
                0x20000094        0x4 build/MultiButton.o
 .bss.pxCurrentTCB
                0x20000098        0x4 build/tasks.o
                0x20000098                pxCurrentTCB
 .bss.pxDelayedTaskList
                0x2000009c        0x4 build/tasks.o
 .bss.pxOverflowDelayedTaskList
                0x200000a0        0x4 build/tasks.o
 .bss.pxReadyTasksLists
                0x200000a4      0x460 build/tasks.o
 .bss.uxCurrentNumberOfTasks
                0x20000504        0x4 build/tasks.o
 .bss.uxDeletedTasksWaitingCleanUp
                0x20000508        0x4 build/tasks.o
 .bss.uxPendedTicks
                0x2000050c        0x4 build/tasks.o
 .bss.uxSchedulerSuspended
                0x20000510        0x4 build/tasks.o
 .bss.uxTaskNumber
                0x20000514        0x4 build/tasks.o
 .bss.uxTopReadyPriority
                0x20000518        0x4 build/tasks.o
 .bss.xDelayedTaskList1
                0x2000051c       0x14 build/tasks.o
 .bss.xDelayedTaskList2
                0x20000530       0x14 build/tasks.o
 .bss.xNextTaskUnblockTime
                0x20000544        0x4 build/tasks.o
 .bss.xNumOfOverflows
                0x20000548        0x4 build/tasks.o
 .bss.xPendingReadyList
                0x2000054c       0x14 build/tasks.o
 .bss.xSchedulerRunning
                0x20000560        0x4 build/tasks.o
 .bss.xSuspendedTaskList
                0x20000564       0x14 build/tasks.o
 .bss.xTasksWaitingTermination
                0x20000578       0x14 build/tasks.o
 .bss.xTickCount
                0x2000058c        0x4 build/tasks.o
 .bss.xYieldPending
                0x20000590        0x4 build/tasks.o
 .bss.pxCurrentTimerList
                0x20000594        0x4 build/timers.o
 .bss.pxOverflowTimerList
                0x20000598        0x4 build/timers.o
 .bss.ucStaticTimerQueueStorage.5559
                0x2000059c       0xa0 build/timers.o
 .bss.xActiveTimerList1
                0x2000063c       0x14 build/timers.o
 .bss.xActiveTimerList2
                0x20000650       0x14 build/timers.o
 .bss.xLastTime.5508
                0x20000664        0x4 build/timers.o
 .bss.xStaticTimerQueue.5558
                0x20000668       0x50 build/timers.o
 .bss.xTimerQueue
                0x200006b8        0x4 build/timers.o
 .bss.xTimerTaskHandle
                0x200006bc        0x4 build/timers.o
 .bss.Idle_Stack
                0x200006c0      0x200 build/cmsis_os2.o
 .bss.Idle_TCB  0x200008c0       0x5c build/cmsis_os2.o
 .bss.KernelState
                0x2000091c        0x4 build/cmsis_os2.o
 .bss.Timer_Stack
                0x20000920      0x400 build/cmsis_os2.o
 .bss.Timer_TCB
                0x20000d20       0x5c build/cmsis_os2.o
 .bss.pxEnd     0x20000d7c        0x4 build/heap_4.o
 .bss.ucHeap    0x20000d80      0xc00 build/heap_4.o
 .bss.xBlockAllocatedBit
                0x20001980        0x4 build/heap_4.o
 .bss.xFreeBytesRemaining
                0x20001984        0x4 build/heap_4.o
 .bss.xMinimumEverFreeBytesRemaining
                0x20001988        0x4 build/heap_4.o
 .bss.xStart    0x2000198c        0x8 build/heap_4.o
 .bss.ucMaxSysCallPriority
                0x20001994        0x1 build/port.o
 *fill*         0x20001995        0x3 
 .bss.ulMaxPRIGROUPValue
                0x20001998        0x4 build/port.o
 .bss.__malloc_free_list
                0x2000199c        0x4 c:/program files (x86)/gnu tools arm embedded/9 2019-q4-major/bin/../lib/gcc/arm-none-eabi/9.2.1/../../../../arm-none-eabi/lib/thumb/v7-m/nofp\libc_nano.a(lib_a-nano-mallocr.o)
                0x2000199c                __malloc_free_list
 .bss.__malloc_sbrk_start
                0x200019a0        0x4 c:/program files (x86)/gnu tools arm embedded/9 2019-q4-major/bin/../lib/gcc/arm-none-eabi/9.2.1/../../../../arm-none-eabi/lib/thumb/v7-m/nofp\libc_nano.a(lib_a-nano-mallocr.o)
                0x200019a0                __malloc_sbrk_start
 .bss.heap_end.4144
                0x200019a4        0x4 c:/program files (x86)/gnu tools arm embedded/9 2019-q4-major/bin/../lib/gcc/arm-none-eabi/9.2.1/../../../../arm-none-eabi/lib/thumb/v7-m/nofp\libnosys.a(sbrk.o)
 *(COMMON)
 COMMON         0x200019a8       0x28 build/main.o
                0x200019a8                button1
 COMMON         0x200019d0       0x44 build/usart.o
                0x200019d0                huart1
 COMMON         0x20001a14        0x4 build/stm32f1xx_hal.o
                0x20001a14                uwTick
 COMMON         0x20001a18       0x10 build/freertos.o
                0x20001a18                defaultTaskHandle
                0x20001a1c                task03Handle
                0x20001a20                ledTaskHandle
                0x20001a24                myQueueHandle
 COMMON         0x20001a28       0x48 build/tim.o
                0x20001a28                htim1
 COMMON         0x20001a70       0x48 build/stm32f1xx_hal_timebase_tim.o
                0x20001a70                htim4
 COMMON         0x20001ab8       0x40 build/queue.o
                0x20001ab8                xQueueRegistry
 COMMON         0x20001af8        0x9 c:/program files (x86)/gnu tools arm embedded/9 2019-q4-major/bin/../lib/gcc/arm-none-eabi/9.2.1/../../../../arm-none-eabi/lib/thumb/v7-m/nofp\libc_nano.a(lib_a-lock.o)
                0x20001af8                __lock___atexit_recursive_mutex
                0x20001af9                __lock___arc4random_mutex
                0x20001afa                __lock___env_recursive_mutex
                0x20001afb                __lock___sinit_recursive_mutex
                0x20001afc                __lock___malloc_recursive_mutex
                0x20001afd                __lock___at_quick_exit_mutex
                0x20001afe                __lock___dd_hash_mutex
                0x20001aff                __lock___tz_mutex
                0x20001b00                __lock___sfp_recursive_mutex
 *fill*         0x20001b01        0x3 
 COMMON         0x20001b04        0x4 c:/program files (x86)/gnu tools arm embedded/9 2019-q4-major/bin/../lib/gcc/arm-none-eabi/9.2.1/../../../../arm-none-eabi/lib/thumb/v7-m/nofp\libc_nano.a(lib_a-reent.o)
                0x20001b04                errno
                0x20001b08                . = ALIGN (0x4)
                0x20001b08                _ebss = .
                0x20001b08                __bss_end__ = _ebss

._user_heap_stack
                0x20001b08      0x600 load address 0x080048e4
                0x20001b08                . = ALIGN (0x8)
                0x20001b08                PROVIDE (end = .)
                [!provide]                PROVIDE (_end = .)
                0x20001d08                . = (. + _Min_Heap_Size)
 *fill*         0x20001b08      0x200 
                0x20002108                . = (. + _Min_Stack_Size)
 *fill*         0x20001d08      0x400 
                0x20002108                . = ALIGN (0x8)

/DISCARD/
 libc.a(*)
 libm.a(*)
 libgcc.a(*)

.ARM.attributes
                0x00000000       0x29
 *(.ARM.attributes)
 .ARM.attributes
                0x00000000       0x1d c:/program files (x86)/gnu tools arm embedded/9 2019-q4-major/bin/../lib/gcc/arm-none-eabi/9.2.1/thumb/v7-m/nofp/crti.o
 .ARM.attributes
                0x0000001d       0x2d c:/program files (x86)/gnu tools arm embedded/9 2019-q4-major/bin/../lib/gcc/arm-none-eabi/9.2.1/thumb/v7-m/nofp/crtbegin.o
 .ARM.attributes
                0x0000004a       0x2d build/main.o
 .ARM.attributes
                0x00000077       0x2d build/gpio.o
 .ARM.attributes
                0x000000a4       0x2d build/MultiButton.o
 .ARM.attributes
                0x000000d1       0x2d build/usart.o
 .ARM.attributes
                0x000000fe       0x2d build/stm32f1xx_it.o
 .ARM.attributes
                0x0000012b       0x2d build/stm32f1xx_hal_msp.o
 .ARM.attributes
                0x00000158       0x2d build/stm32f1xx_hal_tim.o
 .ARM.attributes
                0x00000185       0x2d build/stm32f1xx_hal_tim_ex.o
 .ARM.attributes
                0x000001b2       0x2d build/stm32f1xx_hal_uart.o
 .ARM.attributes
                0x000001df       0x2d build/stm32f1xx_hal.o
 .ARM.attributes
                0x0000020c       0x2d build/stm32f1xx_hal_rcc.o
 .ARM.attributes
                0x00000239       0x2d build/stm32f1xx_hal_gpio.o
 .ARM.attributes
                0x00000266       0x2d build/stm32f1xx_hal_cortex.o
 .ARM.attributes
                0x00000293       0x2d build/system_stm32f1xx.o
 .ARM.attributes
                0x000002c0       0x2d build/freertos.o
 .ARM.attributes
                0x000002ed       0x2d build/tim.o
 .ARM.attributes
                0x0000031a       0x2d build/stm32f1xx_hal_timebase_tim.o
 .ARM.attributes
                0x00000347       0x2d build/list.o
 .ARM.attributes
                0x00000374       0x2d build/queue.o
 .ARM.attributes
                0x000003a1       0x2d build/tasks.o
 .ARM.attributes
                0x000003ce       0x2d build/timers.o
 .ARM.attributes
                0x000003fb       0x2d build/cmsis_os2.o
 .ARM.attributes
                0x00000428       0x2d build/heap_4.o
 .ARM.attributes
                0x00000455       0x2d build/port.o
 .ARM.attributes
                0x00000482       0x21 build/startup_stm32f103xb.o
 .ARM.attributes
                0x000004a3       0x2d c:/program files (x86)/gnu tools arm embedded/9 2019-q4-major/bin/../lib/gcc/arm-none-eabi/9.2.1/../../../../arm-none-eabi/lib/thumb/v7-m/nofp\libc_nano.a(lib_a-impure.o)
 .ARM.attributes
                0x000004d0       0x2d c:/program files (x86)/gnu tools arm embedded/9 2019-q4-major/bin/../lib/gcc/arm-none-eabi/9.2.1/../../../../arm-none-eabi/lib/thumb/v7-m/nofp\libc_nano.a(lib_a-init.o)
 .ARM.attributes
                0x000004fd       0x2d c:/program files (x86)/gnu tools arm embedded/9 2019-q4-major/bin/../lib/gcc/arm-none-eabi/9.2.1/../../../../arm-none-eabi/lib/thumb/v7-m/nofp\libc_nano.a(lib_a-memcpy-stub.o)
 .ARM.attributes
                0x0000052a       0x2d c:/program files (x86)/gnu tools arm embedded/9 2019-q4-major/bin/../lib/gcc/arm-none-eabi/9.2.1/../../../../arm-none-eabi/lib/thumb/v7-m/nofp\libc_nano.a(lib_a-memset.o)
 .ARM.attributes
                0x00000557       0x2d c:/program files (x86)/gnu tools arm embedded/9 2019-q4-major/bin/../lib/gcc/arm-none-eabi/9.2.1/../../../../arm-none-eabi/lib/thumb/v7-m/nofp\libc_nano.a(lib_a-printf.o)
 .ARM.attributes
                0x00000584       0x2d c:/program files (x86)/gnu tools arm embedded/9 2019-q4-major/bin/../lib/gcc/arm-none-eabi/9.2.1/../../../../arm-none-eabi/lib/thumb/v7-m/nofp\libc_nano.a(lib_a-puts.o)
 .ARM.attributes
                0x000005b1       0x2d c:/program files (x86)/gnu tools arm embedded/9 2019-q4-major/bin/../lib/gcc/arm-none-eabi/9.2.1/../../../../arm-none-eabi/lib/thumb/v7-m/nofp\libc_nano.a(lib_a-wbuf.o)
 .ARM.attributes
                0x000005de       0x2d c:/program files (x86)/gnu tools arm embedded/9 2019-q4-major/bin/../lib/gcc/arm-none-eabi/9.2.1/../../../../arm-none-eabi/lib/thumb/v7-m/nofp\libc_nano.a(lib_a-wsetup.o)
 .ARM.attributes
                0x0000060b       0x2d c:/program files (x86)/gnu tools arm embedded/9 2019-q4-major/bin/../lib/gcc/arm-none-eabi/9.2.1/../../../../arm-none-eabi/lib/thumb/v7-m/nofp\libc_nano.a(lib_a-fflush.o)
 .ARM.attributes
                0x00000638       0x2d c:/program files (x86)/gnu tools arm embedded/9 2019-q4-major/bin/../lib/gcc/arm-none-eabi/9.2.1/../../../../arm-none-eabi/lib/thumb/v7-m/nofp\libc_nano.a(lib_a-findfp.o)
 .ARM.attributes
                0x00000665       0x2d c:/program files (x86)/gnu tools arm embedded/9 2019-q4-major/bin/../lib/gcc/arm-none-eabi/9.2.1/../../../../arm-none-eabi/lib/thumb/v7-m/nofp\libc_nano.a(lib_a-fwalk.o)
 .ARM.attributes
                0x00000692       0x2d c:/program files (x86)/gnu tools arm embedded/9 2019-q4-major/bin/../lib/gcc/arm-none-eabi/9.2.1/../../../../arm-none-eabi/lib/thumb/v7-m/nofp\libc_nano.a(lib_a-lock.o)
 .ARM.attributes
                0x000006bf       0x2d c:/program files (x86)/gnu tools arm embedded/9 2019-q4-major/bin/../lib/gcc/arm-none-eabi/9.2.1/../../../../arm-none-eabi/lib/thumb/v7-m/nofp\libc_nano.a(lib_a-makebuf.o)
 .ARM.attributes
                0x000006ec       0x2d c:/program files (x86)/gnu tools arm embedded/9 2019-q4-major/bin/../lib/gcc/arm-none-eabi/9.2.1/../../../../arm-none-eabi/lib/thumb/v7-m/nofp\libc_nano.a(lib_a-nano-freer.o)
 .ARM.attributes
                0x00000719       0x2d c:/program files (x86)/gnu tools arm embedded/9 2019-q4-major/bin/../lib/gcc/arm-none-eabi/9.2.1/../../../../arm-none-eabi/lib/thumb/v7-m/nofp\libc_nano.a(lib_a-nano-mallocr.o)
 .ARM.attributes
                0x00000746       0x2d c:/program files (x86)/gnu tools arm embedded/9 2019-q4-major/bin/../lib/gcc/arm-none-eabi/9.2.1/../../../../arm-none-eabi/lib/thumb/v7-m/nofp\libc_nano.a(lib_a-nano-vfprintf.o)
 .ARM.attributes
                0x00000773       0x2d c:/program files (x86)/gnu tools arm embedded/9 2019-q4-major/bin/../lib/gcc/arm-none-eabi/9.2.1/../../../../arm-none-eabi/lib/thumb/v7-m/nofp\libc_nano.a(lib_a-nano-vfprintf_i.o)
 .ARM.attributes
                0x000007a0       0x2d c:/program files (x86)/gnu tools arm embedded/9 2019-q4-major/bin/../lib/gcc/arm-none-eabi/9.2.1/../../../../arm-none-eabi/lib/thumb/v7-m/nofp\libc_nano.a(lib_a-sbrkr.o)
 .ARM.attributes
                0x000007cd       0x2d c:/program files (x86)/gnu tools arm embedded/9 2019-q4-major/bin/../lib/gcc/arm-none-eabi/9.2.1/../../../../arm-none-eabi/lib/thumb/v7-m/nofp\libc_nano.a(lib_a-stdio.o)
 .ARM.attributes
                0x000007fa       0x2d c:/program files (x86)/gnu tools arm embedded/9 2019-q4-major/bin/../lib/gcc/arm-none-eabi/9.2.1/../../../../arm-none-eabi/lib/thumb/v7-m/nofp\libc_nano.a(lib_a-writer.o)
 .ARM.attributes
                0x00000827       0x2d c:/program files (x86)/gnu tools arm embedded/9 2019-q4-major/bin/../lib/gcc/arm-none-eabi/9.2.1/../../../../arm-none-eabi/lib/thumb/v7-m/nofp\libc_nano.a(lib_a-closer.o)
 .ARM.attributes
                0x00000854       0x2d c:/program files (x86)/gnu tools arm embedded/9 2019-q4-major/bin/../lib/gcc/arm-none-eabi/9.2.1/../../../../arm-none-eabi/lib/thumb/v7-m/nofp\libc_nano.a(lib_a-fstatr.o)
 .ARM.attributes
                0x00000881       0x2d c:/program files (x86)/gnu tools arm embedded/9 2019-q4-major/bin/../lib/gcc/arm-none-eabi/9.2.1/../../../../arm-none-eabi/lib/thumb/v7-m/nofp\libc_nano.a(lib_a-isattyr.o)
 .ARM.attributes
                0x000008ae       0x2d c:/program files (x86)/gnu tools arm embedded/9 2019-q4-major/bin/../lib/gcc/arm-none-eabi/9.2.1/../../../../arm-none-eabi/lib/thumb/v7-m/nofp\libc_nano.a(lib_a-lseekr.o)
 .ARM.attributes
                0x000008db       0x2d c:/program files (x86)/gnu tools arm embedded/9 2019-q4-major/bin/../lib/gcc/arm-none-eabi/9.2.1/../../../../arm-none-eabi/lib/thumb/v7-m/nofp\libc_nano.a(lib_a-memchr-stub.o)
 .ARM.attributes
                0x00000908       0x2d c:/program files (x86)/gnu tools arm embedded/9 2019-q4-major/bin/../lib/gcc/arm-none-eabi/9.2.1/../../../../arm-none-eabi/lib/thumb/v7-m/nofp\libc_nano.a(lib_a-mlock.o)
 .ARM.attributes
                0x00000935       0x2d c:/program files (x86)/gnu tools arm embedded/9 2019-q4-major/bin/../lib/gcc/arm-none-eabi/9.2.1/../../../../arm-none-eabi/lib/thumb/v7-m/nofp\libc_nano.a(lib_a-readr.o)
 .ARM.attributes
                0x00000962       0x2d c:/program files (x86)/gnu tools arm embedded/9 2019-q4-major/bin/../lib/gcc/arm-none-eabi/9.2.1/../../../../arm-none-eabi/lib/thumb/v7-m/nofp\libc_nano.a(lib_a-reent.o)
 .ARM.attributes
                0x0000098f       0x2d c:/program files (x86)/gnu tools arm embedded/9 2019-q4-major/bin/../lib/gcc/arm-none-eabi/9.2.1/../../../../arm-none-eabi/lib/thumb/v7-m/nofp\libnosys.a(close.o)
 .ARM.attributes
                0x000009bc       0x2d c:/program files (x86)/gnu tools arm embedded/9 2019-q4-major/bin/../lib/gcc/arm-none-eabi/9.2.1/../../../../arm-none-eabi/lib/thumb/v7-m/nofp\libnosys.a(fstat.o)
 .ARM.attributes
                0x000009e9       0x2d c:/program files (x86)/gnu tools arm embedded/9 2019-q4-major/bin/../lib/gcc/arm-none-eabi/9.2.1/../../../../arm-none-eabi/lib/thumb/v7-m/nofp\libnosys.a(isatty.o)
 .ARM.attributes
                0x00000a16       0x2d c:/program files (x86)/gnu tools arm embedded/9 2019-q4-major/bin/../lib/gcc/arm-none-eabi/9.2.1/../../../../arm-none-eabi/lib/thumb/v7-m/nofp\libnosys.a(lseek.o)
 .ARM.attributes
                0x00000a43       0x2d c:/program files (x86)/gnu tools arm embedded/9 2019-q4-major/bin/../lib/gcc/arm-none-eabi/9.2.1/../../../../arm-none-eabi/lib/thumb/v7-m/nofp\libnosys.a(read.o)
 .ARM.attributes
                0x00000a70       0x2d c:/program files (x86)/gnu tools arm embedded/9 2019-q4-major/bin/../lib/gcc/arm-none-eabi/9.2.1/../../../../arm-none-eabi/lib/thumb/v7-m/nofp\libnosys.a(sbrk.o)
 .ARM.attributes
                0x00000a9d       0x1d c:/program files (x86)/gnu tools arm embedded/9 2019-q4-major/bin/../lib/gcc/arm-none-eabi/9.2.1/thumb/v7-m/nofp/crtn.o
OUTPUT(build/f103test_uart1.elf elf32-littlearm)

.debug_info     0x00000000    0x26061
 .debug_info    0x00000000     0x1a4c build/main.o
 .debug_info    0x00001a4c     0x1289 build/gpio.o
 .debug_info    0x00002cd5      0xe6f build/MultiButton.o
 .debug_info    0x00003b44     0x13e1 build/usart.o
 .debug_info    0x00004f25     0x145b build/stm32f1xx_it.o
 .debug_info    0x00006380     0x1325 build/stm32f1xx_hal_msp.o
 .debug_info    0x000076a5     0x3ee7 build/stm32f1xx_hal_tim.o
 .debug_info    0x0000b58c     0x1c60 build/stm32f1xx_hal_tim_ex.o
 .debug_info    0x0000d1ec     0x1ef4 build/stm32f1xx_hal_uart.o
 .debug_info    0x0000f0e0      0x8e4 build/stm32f1xx_hal.o
 .debug_info    0x0000f9c4      0xb67 build/stm32f1xx_hal_rcc.o
 .debug_info    0x0001052b      0x7d1 build/stm32f1xx_hal_gpio.o
 .debug_info    0x00010cfc      0xef7 build/stm32f1xx_hal_cortex.o
 .debug_info    0x00011bf3      0x2f7 build/system_stm32f1xx.o
 .debug_info    0x00011eea     0x16dc build/freertos.o
 .debug_info    0x000135c6     0x1667 build/tim.o
 .debug_info    0x00014c2d      0xbee build/stm32f1xx_hal_timebase_tim.o
 .debug_info    0x0001581b      0xc9e build/list.o
 .debug_info    0x000164b9     0x31e8 build/queue.o
 .debug_info    0x000196a1     0x3b29 build/tasks.o
 .debug_info    0x0001d1ca     0x23f4 build/timers.o
 .debug_info    0x0001f5be     0x56e8 build/cmsis_os2.o
 .debug_info    0x00024ca6      0xe30 build/heap_4.o
 .debug_info    0x00025ad6      0x569 build/port.o
 .debug_info    0x0002603f       0x22 build/startup_stm32f103xb.o

.debug_abbrev   0x00000000     0x455f
 .debug_abbrev  0x00000000      0x349 build/main.o
 .debug_abbrev  0x00000349      0x239 build/gpio.o
 .debug_abbrev  0x00000582      0x2f8 build/MultiButton.o
 .debug_abbrev  0x0000087a      0x2f0 build/usart.o
 .debug_abbrev  0x00000b6a      0x231 build/stm32f1xx_it.o
 .debug_abbrev  0x00000d9b      0x249 build/stm32f1xx_hal_msp.o
 .debug_abbrev  0x00000fe4      0x2c3 build/stm32f1xx_hal_tim.o
 .debug_abbrev  0x000012a7      0x2ab build/stm32f1xx_hal_tim_ex.o
 .debug_abbrev  0x00001552      0x2ea build/stm32f1xx_hal_uart.o
 .debug_abbrev  0x0000183c      0x21c build/stm32f1xx_hal.o
 .debug_abbrev  0x00001a58      0x2ad build/stm32f1xx_hal_rcc.o
 .debug_abbrev  0x00001d05      0x24f build/stm32f1xx_hal_gpio.o
 .debug_abbrev  0x00001f54      0x37f build/stm32f1xx_hal_cortex.o
 .debug_abbrev  0x000022d3      0x153 build/system_stm32f1xx.o
 .debug_abbrev  0x00002426      0x2a1 build/freertos.o
 .debug_abbrev  0x000026c7      0x29a build/tim.o
 .debug_abbrev  0x00002961      0x21c build/stm32f1xx_hal_timebase_tim.o
 .debug_abbrev  0x00002b7d      0x245 build/list.o
 .debug_abbrev  0x00002dc2      0x478 build/queue.o
 .debug_abbrev  0x0000323a      0x464 build/tasks.o
 .debug_abbrev  0x0000369e      0x3de build/timers.o
 .debug_abbrev  0x00003a7c      0x4c7 build/cmsis_os2.o
 .debug_abbrev  0x00003f43      0x36d build/heap_4.o
 .debug_abbrev  0x000042b0      0x29d build/port.o
 .debug_abbrev  0x0000454d       0x12 build/startup_stm32f103xb.o

.debug_loc      0x00000000    0x17bb6
 .debug_loc     0x00000000      0x12d build/main.o
 .debug_loc     0x0000012d       0x38 build/gpio.o
 .debug_loc     0x00000165      0x228 build/MultiButton.o
 .debug_loc     0x0000038d      0x1d0 build/usart.o
 .debug_loc     0x0000055d       0x20 build/stm32f1xx_it.o
 .debug_loc     0x0000057d       0x4d build/stm32f1xx_hal_msp.o
 .debug_loc     0x000005ca     0x5266 build/stm32f1xx_hal_tim.o
 .debug_loc     0x00005830     0x1f17 build/stm32f1xx_hal_tim_ex.o
 .debug_loc     0x00007747     0x267b build/stm32f1xx_hal_uart.o
 .debug_loc     0x00009dc2      0x1e1 build/stm32f1xx_hal.o
 .debug_loc     0x00009fa3      0x7c0 build/stm32f1xx_hal_rcc.o
 .debug_loc     0x0000a763      0x548 build/stm32f1xx_hal_gpio.o
 .debug_loc     0x0000acab      0x7af build/stm32f1xx_hal_cortex.o
 .debug_loc     0x0000b45a       0xff build/system_stm32f1xx.o
 .debug_loc     0x0000b559       0xc3 build/freertos.o
 .debug_loc     0x0000b61c       0x70 build/tim.o
 .debug_loc     0x0000b68c      0x152 build/stm32f1xx_hal_timebase_tim.o
 .debug_loc     0x0000b7de       0xe5 build/list.o
 .debug_loc     0x0000b8c3     0x1efb build/queue.o
 .debug_loc     0x0000d7be     0x2a01 build/tasks.o
 .debug_loc     0x000101bf     0x12e3 build/timers.o
 .debug_loc     0x000114a2     0x61f3 build/cmsis_os2.o
 .debug_loc     0x00017695      0x3b5 build/heap_4.o
 .debug_loc     0x00017a4a      0x16c build/port.o

.debug_aranges  0x00000000     0x1338
 .debug_aranges
                0x00000000       0x48 build/main.o
 .debug_aranges
                0x00000048       0x20 build/gpio.o
 .debug_aranges
                0x00000068       0x50 build/MultiButton.o
 .debug_aranges
                0x000000b8       0x40 build/usart.o
 .debug_aranges
                0x000000f8       0x50 build/stm32f1xx_it.o
 .debug_aranges
                0x00000148       0x20 build/stm32f1xx_hal_msp.o
 .debug_aranges
                0x00000168      0x3d0 build/stm32f1xx_hal_tim.o
 .debug_aranges
                0x00000538      0x168 build/stm32f1xx_hal_tim_ex.o
 .debug_aranges
                0x000006a0      0x200 build/stm32f1xx_hal_uart.o
 .debug_aranges
                0x000008a0       0xe0 build/stm32f1xx_hal.o
 .debug_aranges
                0x00000980       0x90 build/stm32f1xx_hal_rcc.o
 .debug_aranges
                0x00000a10       0x58 build/stm32f1xx_hal_gpio.o
 .debug_aranges
                0x00000a68       0x90 build/stm32f1xx_hal_cortex.o
 .debug_aranges
                0x00000af8       0x28 build/system_stm32f1xx.o
 .debug_aranges
                0x00000b20       0x30 build/freertos.o
 .debug_aranges
                0x00000b50       0x30 build/tim.o
 .debug_aranges
                0x00000b80       0x30 build/stm32f1xx_hal_timebase_tim.o
 .debug_aranges
                0x00000bb0       0x40 build/list.o
 .debug_aranges
                0x00000bf0      0x158 build/queue.o
 .debug_aranges
                0x00000d48      0x1f8 build/tasks.o
 .debug_aranges
                0x00000f40       0xe0 build/timers.o
 .debug_aranges
                0x00001020      0x228 build/cmsis_os2.o
 .debug_aranges
                0x00001248       0x50 build/heap_4.o
 .debug_aranges
                0x00001298       0x78 build/port.o
 .debug_aranges
                0x00001310       0x28 build/startup_stm32f103xb.o

.debug_ranges   0x00000000     0x1440
 .debug_ranges  0x00000000       0x38 build/main.o
 .debug_ranges  0x00000038       0x10 build/gpio.o
 .debug_ranges  0x00000048       0x40 build/MultiButton.o
 .debug_ranges  0x00000088       0x30 build/usart.o
 .debug_ranges  0x000000b8       0x40 build/stm32f1xx_it.o
 .debug_ranges  0x000000f8       0x10 build/stm32f1xx_hal_msp.o
 .debug_ranges  0x00000108      0x3c0 build/stm32f1xx_hal_tim.o
 .debug_ranges  0x000004c8      0x158 build/stm32f1xx_hal_tim_ex.o
 .debug_ranges  0x00000620      0x1f0 build/stm32f1xx_hal_uart.o
 .debug_ranges  0x00000810       0xd0 build/stm32f1xx_hal.o
 .debug_ranges  0x000008e0       0xa0 build/stm32f1xx_hal_rcc.o
 .debug_ranges  0x00000980       0x48 build/stm32f1xx_hal_gpio.o
 .debug_ranges  0x000009c8       0xe0 build/stm32f1xx_hal_cortex.o
 .debug_ranges  0x00000aa8       0x18 build/system_stm32f1xx.o
 .debug_ranges  0x00000ac0       0x20 build/freertos.o
 .debug_ranges  0x00000ae0       0x20 build/tim.o
 .debug_ranges  0x00000b00       0x20 build/stm32f1xx_hal_timebase_tim.o
 .debug_ranges  0x00000b20       0x30 build/list.o
 .debug_ranges  0x00000b50      0x218 build/queue.o
 .debug_ranges  0x00000d68      0x328 build/tasks.o
 .debug_ranges  0x00001090       0xd0 build/timers.o
 .debug_ranges  0x00001160      0x218 build/cmsis_os2.o
 .debug_ranges  0x00001378       0x40 build/heap_4.o
 .debug_ranges  0x000013b8       0x68 build/port.o
 .debug_ranges  0x00001420       0x20 build/startup_stm32f103xb.o

.debug_line     0x00000000    0x1636b
 .debug_line    0x00000000      0x546 build/main.o
 .debug_line    0x00000546      0x302 build/gpio.o
 .debug_line    0x00000848      0x53d build/MultiButton.o
 .debug_line    0x00000d85      0x46e build/usart.o
 .debug_line    0x000011f3      0x39b build/stm32f1xx_it.o
 .debug_line    0x0000158e      0x2e8 build/stm32f1xx_hal_msp.o
 .debug_line    0x00001876     0x46b1 build/stm32f1xx_hal_tim.o
 .debug_line    0x00005f27     0x1bac build/stm32f1xx_hal_tim_ex.o
 .debug_line    0x00007ad3     0x20ed build/stm32f1xx_hal_uart.o
 .debug_line    0x00009bc0      0x528 build/stm32f1xx_hal.o
 .debug_line    0x0000a0e8      0xc45 build/stm32f1xx_hal_rcc.o
 .debug_line    0x0000ad2d      0x62a build/stm32f1xx_hal_gpio.o
 .debug_line    0x0000b357      0x67e build/stm32f1xx_hal_cortex.o
 .debug_line    0x0000b9d5      0x298 build/system_stm32f1xx.o
 .debug_line    0x0000bc6d      0x4f5 build/freertos.o
 .debug_line    0x0000c162      0x3cf build/tim.o
 .debug_line    0x0000c531      0x339 build/stm32f1xx_hal_timebase_tim.o
 .debug_line    0x0000c86a      0x47a build/list.o
 .debug_line    0x0000cce4     0x20b3 build/queue.o
 .debug_line    0x0000ed97     0x2c41 build/tasks.o
 .debug_line    0x000119d8      0xe89 build/timers.o
 .debug_line    0x00012861     0x2d83 build/cmsis_os2.o
 .debug_line    0x000155e4      0x6f8 build/heap_4.o
 .debug_line    0x00015cdc      0x61a build/port.o
 .debug_line    0x000162f6       0x75 build/startup_stm32f103xb.o

.debug_str      0x00000000     0x69bf
 .debug_str     0x00000000      0xf81 build/main.o
                               0x10b0 (size before relaxing)
 .debug_str     0x00000f81       0xbe build/gpio.o
                                0xaf0 (size before relaxing)
 .debug_str     0x0000103f       0xa1 build/MultiButton.o
                                0x73e (size before relaxing)
 .debug_str     0x000010e0       0x73 build/usart.o
                                0xb60 (size before relaxing)
 .debug_str     0x00001153       0xa6 build/stm32f1xx_it.o
                                0xd91 (size before relaxing)
 .debug_str     0x000011f9      0x341 build/stm32f1xx_hal_msp.o
                                0xd95 (size before relaxing)
 .debug_str     0x0000153a      0xf1a build/stm32f1xx_hal_tim.o
                               0x171c (size before relaxing)
 .debug_str     0x00002454      0x591 build/stm32f1xx_hal_tim_ex.o
                                0xf1d (size before relaxing)
 .debug_str     0x000029e5      0x64c build/stm32f1xx_hal_uart.o
                                0xd60 (size before relaxing)
 .debug_str     0x00003031      0x258 build/stm32f1xx_hal.o
                                0x877 (size before relaxing)
 .debug_str     0x00003289      0x1ad build/stm32f1xx_hal_rcc.o
                                0x6c6 (size before relaxing)
 .debug_str     0x00003436       0xf3 build/stm32f1xx_hal_gpio.o
                                0x4e4 (size before relaxing)
 .debug_str     0x00003529      0x3b2 build/stm32f1xx_hal_cortex.o
                                0x993 (size before relaxing)
 .debug_str     0x000038db       0x4f build/system_stm32f1xx.o
                                0x2fa (size before relaxing)
 .debug_str     0x0000392a      0x5bc build/freertos.o
                               0x102a (size before relaxing)
 .debug_str     0x00003ee6       0x1e build/tim.o
                                0xebd (size before relaxing)
 .debug_str     0x00003f04       0x5c build/stm32f1xx_hal_timebase_tim.o
                                0xbeb (size before relaxing)
 .debug_str     0x00003f60      0x14c build/list.o
                                0x6f1 (size before relaxing)
 .debug_str     0x000040ac      0x970 build/queue.o
                               0x106f (size before relaxing)
 .debug_str     0x00004a1c      0xc3e build/tasks.o
                               0x166b (size before relaxing)
 .debug_str     0x0000565a      0x5a9 build/timers.o
                                0xfe2 (size before relaxing)
 .debug_str     0x00005c03      0xa46 build/cmsis_os2.o
                               0x1ccd (size before relaxing)
 .debug_str     0x00006649      0x1d5 build/heap_4.o
                                0x7da (size before relaxing)
 .debug_str     0x0000681e      0x17d build/port.o
                                0x467 (size before relaxing)
 .debug_str     0x0000699b       0x24 build/startup_stm32f103xb.o
                                 0x57 (size before relaxing)

.comment        0x00000000       0x79
 .comment       0x00000000       0x79 build/main.o
                                 0x7a (size before relaxing)
 .comment       0x00000079       0x7a build/gpio.o
 .comment       0x00000079       0x7a build/MultiButton.o
 .comment       0x00000079       0x7a build/usart.o
 .comment       0x00000079       0x7a build/stm32f1xx_it.o
 .comment       0x00000079       0x7a build/stm32f1xx_hal_msp.o
 .comment       0x00000079       0x7a build/stm32f1xx_hal_tim.o
 .comment       0x00000079       0x7a build/stm32f1xx_hal_tim_ex.o
 .comment       0x00000079       0x7a build/stm32f1xx_hal_uart.o
 .comment       0x00000079       0x7a build/stm32f1xx_hal.o
 .comment       0x00000079       0x7a build/stm32f1xx_hal_rcc.o
 .comment       0x00000079       0x7a build/stm32f1xx_hal_gpio.o
 .comment       0x00000079       0x7a build/stm32f1xx_hal_cortex.o
 .comment       0x00000079       0x7a build/system_stm32f1xx.o
 .comment       0x00000079       0x7a build/freertos.o
 .comment       0x00000079       0x7a build/tim.o
 .comment       0x00000079       0x7a build/stm32f1xx_hal_timebase_tim.o
 .comment       0x00000079       0x7a build/list.o
 .comment       0x00000079       0x7a build/queue.o
 .comment       0x00000079       0x7a build/tasks.o
 .comment       0x00000079       0x7a build/timers.o
 .comment       0x00000079       0x7a build/cmsis_os2.o
 .comment       0x00000079       0x7a build/heap_4.o
 .comment       0x00000079       0x7a build/port.o

.debug_frame    0x00000000     0x4524
 .debug_frame   0x00000000       0xb0 build/main.o
 .debug_frame   0x000000b0       0x30 build/gpio.o
 .debug_frame   0x000000e0       0xa8 build/MultiButton.o
 .debug_frame   0x00000188       0x9c build/usart.o
 .debug_frame   0x00000224       0x8c build/stm32f1xx_it.o
 .debug_frame   0x000002b0       0x2c build/stm32f1xx_hal_msp.o
 .debug_frame   0x000002dc      0xc88 build/stm32f1xx_hal_tim.o
 .debug_frame   0x00000f64      0x4a8 build/stm32f1xx_hal_tim_ex.o
 .debug_frame   0x0000140c      0x66c build/stm32f1xx_hal_uart.o
 .debug_frame   0x00001a78      0x1e0 build/stm32f1xx_hal.o
 .debug_frame   0x00001c58      0x1c0 build/stm32f1xx_hal_rcc.o
 .debug_frame   0x00001e18      0x104 build/stm32f1xx_hal_gpio.o
 .debug_frame   0x00001f1c      0x13c build/stm32f1xx_hal_cortex.o
 .debug_frame   0x00002058       0x30 build/system_stm32f1xx.o
 .debug_frame   0x00002088       0x64 build/freertos.o
 .debug_frame   0x000020ec       0x58 build/tim.o
 .debug_frame   0x00002144       0x58 build/stm32f1xx_hal_timebase_tim.o
 .debug_frame   0x0000219c       0x74 build/list.o
 .debug_frame   0x00002210      0x4f8 build/queue.o
 .debug_frame   0x00002708      0x738 build/tasks.o
 .debug_frame   0x00002e40      0x318 build/timers.o
 .debug_frame   0x00003158      0x8e4 build/cmsis_os2.o
 .debug_frame   0x00003a3c       0xbc build/heap_4.o
 .debug_frame   0x00003af8       0xf4 build/port.o
 .debug_frame   0x00003bec       0x2c c:/program files (x86)/gnu tools arm embedded/9 2019-q4-major/bin/../lib/gcc/arm-none-eabi/9.2.1/../../../../arm-none-eabi/lib/thumb/v7-m/nofp\libc_nano.a(lib_a-init.o)
 .debug_frame   0x00003c18       0x28 c:/program files (x86)/gnu tools arm embedded/9 2019-q4-major/bin/../lib/gcc/arm-none-eabi/9.2.1/../../../../arm-none-eabi/lib/thumb/v7-m/nofp\libc_nano.a(lib_a-memcpy-stub.o)
 .debug_frame   0x00003c40       0x20 c:/program files (x86)/gnu tools arm embedded/9 2019-q4-major/bin/../lib/gcc/arm-none-eabi/9.2.1/../../../../arm-none-eabi/lib/thumb/v7-m/nofp\libc_nano.a(lib_a-memset.o)
 .debug_frame   0x00003c60       0x74 c:/program files (x86)/gnu tools arm embedded/9 2019-q4-major/bin/../lib/gcc/arm-none-eabi/9.2.1/../../../../arm-none-eabi/lib/thumb/v7-m/nofp\libc_nano.a(lib_a-printf.o)
 .debug_frame   0x00003cd4       0x3c c:/program files (x86)/gnu tools arm embedded/9 2019-q4-major/bin/../lib/gcc/arm-none-eabi/9.2.1/../../../../arm-none-eabi/lib/thumb/v7-m/nofp\libc_nano.a(lib_a-puts.o)
 .debug_frame   0x00003d10       0x40 c:/program files (x86)/gnu tools arm embedded/9 2019-q4-major/bin/../lib/gcc/arm-none-eabi/9.2.1/../../../../arm-none-eabi/lib/thumb/v7-m/nofp\libc_nano.a(lib_a-wbuf.o)
 .debug_frame   0x00003d50       0x2c c:/program files (x86)/gnu tools arm embedded/9 2019-q4-major/bin/../lib/gcc/arm-none-eabi/9.2.1/../../../../arm-none-eabi/lib/thumb/v7-m/nofp\libc_nano.a(lib_a-wsetup.o)
 .debug_frame   0x00003d7c       0x5c c:/program files (x86)/gnu tools arm embedded/9 2019-q4-major/bin/../lib/gcc/arm-none-eabi/9.2.1/../../../../arm-none-eabi/lib/thumb/v7-m/nofp\libc_nano.a(lib_a-fflush.o)
 .debug_frame   0x00003dd8      0x14c c:/program files (x86)/gnu tools arm embedded/9 2019-q4-major/bin/../lib/gcc/arm-none-eabi/9.2.1/../../../../arm-none-eabi/lib/thumb/v7-m/nofp\libc_nano.a(lib_a-findfp.o)
 .debug_frame   0x00003f24       0x54 c:/program files (x86)/gnu tools arm embedded/9 2019-q4-major/bin/../lib/gcc/arm-none-eabi/9.2.1/../../../../arm-none-eabi/lib/thumb/v7-m/nofp\libc_nano.a(lib_a-fwalk.o)
 .debug_frame   0x00003f78       0xb0 c:/program files (x86)/gnu tools arm embedded/9 2019-q4-major/bin/../lib/gcc/arm-none-eabi/9.2.1/../../../../arm-none-eabi/lib/thumb/v7-m/nofp\libc_nano.a(lib_a-lock.o)
 .debug_frame   0x00004028       0x58 c:/program files (x86)/gnu tools arm embedded/9 2019-q4-major/bin/../lib/gcc/arm-none-eabi/9.2.1/../../../../arm-none-eabi/lib/thumb/v7-m/nofp\libc_nano.a(lib_a-makebuf.o)
 .debug_frame   0x00004080       0x38 c:/program files (x86)/gnu tools arm embedded/9 2019-q4-major/bin/../lib/gcc/arm-none-eabi/9.2.1/../../../../arm-none-eabi/lib/thumb/v7-m/nofp\libc_nano.a(lib_a-nano-freer.o)
 .debug_frame   0x000040b8       0x30 c:/program files (x86)/gnu tools arm embedded/9 2019-q4-major/bin/../lib/gcc/arm-none-eabi/9.2.1/../../../../arm-none-eabi/lib/thumb/v7-m/nofp\libc_nano.a(lib_a-nano-mallocr.o)
 .debug_frame   0x000040e8       0xac c:/program files (x86)/gnu tools arm embedded/9 2019-q4-major/bin/../lib/gcc/arm-none-eabi/9.2.1/../../../../arm-none-eabi/lib/thumb/v7-m/nofp\libc_nano.a(lib_a-nano-vfprintf.o)
 .debug_frame   0x00004194       0x60 c:/program files (x86)/gnu tools arm embedded/9 2019-q4-major/bin/../lib/gcc/arm-none-eabi/9.2.1/../../../../arm-none-eabi/lib/thumb/v7-m/nofp\libc_nano.a(lib_a-nano-vfprintf_i.o)
 .debug_frame   0x000041f4       0x2c c:/program files (x86)/gnu tools arm embedded/9 2019-q4-major/bin/../lib/gcc/arm-none-eabi/9.2.1/../../../../arm-none-eabi/lib/thumb/v7-m/nofp\libc_nano.a(lib_a-sbrkr.o)
 .debug_frame   0x00004220       0x88 c:/program files (x86)/gnu tools arm embedded/9 2019-q4-major/bin/../lib/gcc/arm-none-eabi/9.2.1/../../../../arm-none-eabi/lib/thumb/v7-m/nofp\libc_nano.a(lib_a-stdio.o)
 .debug_frame   0x000042a8       0x2c c:/program files (x86)/gnu tools arm embedded/9 2019-q4-major/bin/../lib/gcc/arm-none-eabi/9.2.1/../../../../arm-none-eabi/lib/thumb/v7-m/nofp\libc_nano.a(lib_a-writer.o)
 .debug_frame   0x000042d4       0x2c c:/program files (x86)/gnu tools arm embedded/9 2019-q4-major/bin/../lib/gcc/arm-none-eabi/9.2.1/../../../../arm-none-eabi/lib/thumb/v7-m/nofp\libc_nano.a(lib_a-closer.o)
 .debug_frame   0x00004300       0x2c c:/program files (x86)/gnu tools arm embedded/9 2019-q4-major/bin/../lib/gcc/arm-none-eabi/9.2.1/../../../../arm-none-eabi/lib/thumb/v7-m/nofp\libc_nano.a(lib_a-fstatr.o)
 .debug_frame   0x0000432c       0x2c c:/program files (x86)/gnu tools arm embedded/9 2019-q4-major/bin/../lib/gcc/arm-none-eabi/9.2.1/../../../../arm-none-eabi/lib/thumb/v7-m/nofp\libc_nano.a(lib_a-isattyr.o)
 .debug_frame   0x00004358       0x2c c:/program files (x86)/gnu tools arm embedded/9 2019-q4-major/bin/../lib/gcc/arm-none-eabi/9.2.1/../../../../arm-none-eabi/lib/thumb/v7-m/nofp\libc_nano.a(lib_a-lseekr.o)
 .debug_frame   0x00004384       0x28 c:/program files (x86)/gnu tools arm embedded/9 2019-q4-major/bin/../lib/gcc/arm-none-eabi/9.2.1/../../../../arm-none-eabi/lib/thumb/v7-m/nofp\libc_nano.a(lib_a-memchr-stub.o)
 .debug_frame   0x000043ac       0x30 c:/program files (x86)/gnu tools arm embedded/9 2019-q4-major/bin/../lib/gcc/arm-none-eabi/9.2.1/../../../../arm-none-eabi/lib/thumb/v7-m/nofp\libc_nano.a(lib_a-mlock.o)
 .debug_frame   0x000043dc       0x2c c:/program files (x86)/gnu tools arm embedded/9 2019-q4-major/bin/../lib/gcc/arm-none-eabi/9.2.1/../../../../arm-none-eabi/lib/thumb/v7-m/nofp\libc_nano.a(lib_a-readr.o)
 .debug_frame   0x00004408       0x5c c:/program files (x86)/gnu tools arm embedded/9 2019-q4-major/bin/../lib/gcc/arm-none-eabi/9.2.1/../../../../arm-none-eabi/lib/thumb/v7-m/nofp\libc_nano.a(lib_a-reent.o)
 .debug_frame   0x00004464       0x20 c:/program files (x86)/gnu tools arm embedded/9 2019-q4-major/bin/../lib/gcc/arm-none-eabi/9.2.1/../../../../arm-none-eabi/lib/thumb/v7-m/nofp\libnosys.a(close.o)
 .debug_frame   0x00004484       0x20 c:/program files (x86)/gnu tools arm embedded/9 2019-q4-major/bin/../lib/gcc/arm-none-eabi/9.2.1/../../../../arm-none-eabi/lib/thumb/v7-m/nofp\libnosys.a(fstat.o)
 .debug_frame   0x000044a4       0x20 c:/program files (x86)/gnu tools arm embedded/9 2019-q4-major/bin/../lib/gcc/arm-none-eabi/9.2.1/../../../../arm-none-eabi/lib/thumb/v7-m/nofp\libnosys.a(isatty.o)
 .debug_frame   0x000044c4       0x20 c:/program files (x86)/gnu tools arm embedded/9 2019-q4-major/bin/../lib/gcc/arm-none-eabi/9.2.1/../../../../arm-none-eabi/lib/thumb/v7-m/nofp\libnosys.a(lseek.o)
 .debug_frame   0x000044e4       0x20 c:/program files (x86)/gnu tools arm embedded/9 2019-q4-major/bin/../lib/gcc/arm-none-eabi/9.2.1/../../../../arm-none-eabi/lib/thumb/v7-m/nofp\libnosys.a(read.o)
 .debug_frame   0x00004504       0x20 c:/program files (x86)/gnu tools arm embedded/9 2019-q4-major/bin/../lib/gcc/arm-none-eabi/9.2.1/../../../../arm-none-eabi/lib/thumb/v7-m/nofp\libnosys.a(sbrk.o)

.stab           0x00000000       0x84
 .stab          0x00000000       0x24 c:/program files (x86)/gnu tools arm embedded/9 2019-q4-major/bin/../lib/gcc/arm-none-eabi/9.2.1/../../../../arm-none-eabi/lib/thumb/v7-m/nofp\libnosys.a(close.o)
 .stab          0x00000024       0x18 c:/program files (x86)/gnu tools arm embedded/9 2019-q4-major/bin/../lib/gcc/arm-none-eabi/9.2.1/../../../../arm-none-eabi/lib/thumb/v7-m/nofp\libnosys.a(fstat.o)
                                 0x24 (size before relaxing)
 .stab          0x0000003c       0x18 c:/program files (x86)/gnu tools arm embedded/9 2019-q4-major/bin/../lib/gcc/arm-none-eabi/9.2.1/../../../../arm-none-eabi/lib/thumb/v7-m/nofp\libnosys.a(isatty.o)
                                 0x24 (size before relaxing)
 .stab          0x00000054       0x18 c:/program files (x86)/gnu tools arm embedded/9 2019-q4-major/bin/../lib/gcc/arm-none-eabi/9.2.1/../../../../arm-none-eabi/lib/thumb/v7-m/nofp\libnosys.a(lseek.o)
                                 0x24 (size before relaxing)
 .stab          0x0000006c       0x18 c:/program files (x86)/gnu tools arm embedded/9 2019-q4-major/bin/../lib/gcc/arm-none-eabi/9.2.1/../../../../arm-none-eabi/lib/thumb/v7-m/nofp\libnosys.a(read.o)
                                 0x24 (size before relaxing)

.stabstr        0x00000000      0x117
 .stabstr       0x00000000      0x117 c:/program files (x86)/gnu tools arm embedded/9 2019-q4-major/bin/../lib/gcc/arm-none-eabi/9.2.1/../../../../arm-none-eabi/lib/thumb/v7-m/nofp\libnosys.a(close.o)

Cross Reference Table

Symbol                                            File
ADC1_2_IRQHandler                                 build/startup_stm32f103xb.o
AHBPrescTable                                     build/system_stm32f1xx.o
                                                  build/stm32f1xx_hal_rcc.o
APBPrescTable                                     build/system_stm32f1xx.o
                                                  build/stm32f1xx_hal_rcc.o
BusFault_Handler                                  build/stm32f1xx_it.o
CAN1_RX1_IRQHandler                               build/startup_stm32f103xb.o
CAN1_SCE_IRQHandler                               build/startup_stm32f103xb.o
DMA1_Channel1_IRQHandler                          build/startup_stm32f103xb.o
DMA1_Channel2_IRQHandler                          build/startup_stm32f103xb.o
DMA1_Channel3_IRQHandler                          build/startup_stm32f103xb.o
DMA1_Channel4_IRQHandler                          build/startup_stm32f103xb.o
DMA1_Channel5_IRQHandler                          build/startup_stm32f103xb.o
DMA1_Channel6_IRQHandler                          build/startup_stm32f103xb.o
DMA1_Channel7_IRQHandler                          build/startup_stm32f103xb.o
DebugMon_Handler                                  build/stm32f1xx_it.o
Default_Handler                                   build/startup_stm32f103xb.o
EXTI0_IRQHandler                                  build/startup_stm32f103xb.o
EXTI15_10_IRQHandler                              build/startup_stm32f103xb.o
EXTI1_IRQHandler                                  build/startup_stm32f103xb.o
EXTI2_IRQHandler                                  build/startup_stm32f103xb.o
EXTI3_IRQHandler                                  build/startup_stm32f103xb.o
EXTI4_IRQHandler                                  build/startup_stm32f103xb.o
EXTI9_5_IRQHandler                                build/startup_stm32f103xb.o
Error_Handler                                     build/main.o
                                                  build/tim.o
                                                  build/usart.o
FLASH_IRQHandler                                  build/startup_stm32f103xb.o
FLASH_PageErase                                   build/stm32f1xx_hal_flash_ex.o
                                                  build/stm32f1xx_hal_flash.o
FLASH_WaitForLastOperation                        build/stm32f1xx_hal_flash.o
                                                  build/stm32f1xx_hal_flash_ex.o
HAL_DBGMCU_DisableDBGSleepMode                    build/stm32f1xx_hal.o
HAL_DBGMCU_DisableDBGStandbyMode                  build/stm32f1xx_hal.o
HAL_DBGMCU_DisableDBGStopMode                     build/stm32f1xx_hal.o
HAL_DBGMCU_EnableDBGSleepMode                     build/stm32f1xx_hal.o
HAL_DBGMCU_EnableDBGStandbyMode                   build/stm32f1xx_hal.o
HAL_DBGMCU_EnableDBGStopMode                      build/stm32f1xx_hal.o
HAL_DMA_Abort                                     build/stm32f1xx_hal_dma.o
                                                  build/stm32f1xx_hal_uart.o
HAL_DMA_Abort_IT                                  build/stm32f1xx_hal_dma.o
                                                  build/stm32f1xx_hal_uart.o
                                                  build/stm32f1xx_hal_tim_ex.o
                                                  build/stm32f1xx_hal_tim.o
HAL_DMA_DeInit                                    build/stm32f1xx_hal_dma.o
HAL_DMA_GetError                                  build/stm32f1xx_hal_dma.o
                                                  build/stm32f1xx_hal_uart.o
HAL_DMA_GetState                                  build/stm32f1xx_hal_dma.o
HAL_DMA_IRQHandler                                build/stm32f1xx_hal_dma.o
HAL_DMA_Init                                      build/stm32f1xx_hal_dma.o
HAL_DMA_PollForTransfer                           build/stm32f1xx_hal_dma.o
HAL_DMA_RegisterCallback                          build/stm32f1xx_hal_dma.o
HAL_DMA_Start                                     build/stm32f1xx_hal_dma.o
HAL_DMA_Start_IT                                  build/stm32f1xx_hal_dma.o
                                                  build/stm32f1xx_hal_uart.o
                                                  build/stm32f1xx_hal_tim_ex.o
                                                  build/stm32f1xx_hal_tim.o
HAL_DMA_UnRegisterCallback                        build/stm32f1xx_hal_dma.o
HAL_DeInit                                        build/stm32f1xx_hal.o
HAL_Delay                                         build/stm32f1xx_hal.o
                                                  build/main.o
HAL_EXTI_ClearConfigLine                          build/stm32f1xx_hal_exti.o
HAL_EXTI_ClearPending                             build/stm32f1xx_hal_exti.o
HAL_EXTI_GenerateSWI                              build/stm32f1xx_hal_exti.o
HAL_EXTI_GetConfigLine                            build/stm32f1xx_hal_exti.o
HAL_EXTI_GetHandle                                build/stm32f1xx_hal_exti.o
HAL_EXTI_GetPending                               build/stm32f1xx_hal_exti.o
HAL_EXTI_IRQHandler                               build/stm32f1xx_hal_exti.o